Component: Arm Compiler for Embedded 6.22 Tool: armlink [5ee90200]

==============================================================================

Section Cross References

    startup_lpc17xx.o(STACK) refers (Special) to heapauxi.o(.text) for __use_two_region_memory
    startup_lpc17xx.o(HEAP) refers (Special) to heapauxi.o(.text) for __use_two_region_memory
    startup_lpc17xx.o(RESET) refers (Special) to heapauxi.o(.text) for __use_two_region_memory
    startup_lpc17xx.o(RESET) refers to startup_lpc17xx.o(STACK) for __initial_sp
    startup_lpc17xx.o(RESET) refers to startup_lpc17xx.o(.text) for Reset_Handler
    startup_lpc17xx.o(RESET) refers to irq_timer.o(.text) for TIMER0_IRQHandler
    startup_lpc17xx.o(RESET) refers to irq_button.o(.text) for EINT0_IRQHandler
    startup_lpc17xx.o(RESET) refers to irq_adc.o(.text) for ADC_IRQHandler
    startup_lpc17xx.o(RESET) refers to irq_rit.o(.text) for RIT_IRQHandler
    startup_lpc17xx.o(.ARM.__at_0x02FC) refers (Special) to heapauxi.o(.text) for __use_two_region_memory
    startup_lpc17xx.o(.text) refers (Special) to heapauxi.o(.text) for __use_two_region_memory
    startup_lpc17xx.o(.text) refers to __main.o(!!!main) for __main
    startup_lpc17xx.o(.text) refers to startup_lpc17xx.o(HEAP) for Heap_Mem
    startup_lpc17xx.o(.text) refers to startup_lpc17xx.o(STACK) for Stack_Mem
    sample.o(.text) refers to glcd.o(.text) for LCD_DrawLine
    sample.o(.text) refers to sample.o(.bss.conta) for conta
    sample.o(.text) refers to sample.o(.bss.powerN) for powerN
    sample.o(.text) refers to rand.o(.emb_text) for rand
    sample.o(.text) refers to sample.o(.bss.blinkyPOS) for blinkyPOS
    sample.o(.text) refers to sample.o(.bss.pacmanPOS) for pacmanPOS
    sample.o(.text) refers to system_lpc17xx.o(.text) for SystemInit
    sample.o(.text) refers to lib_button.o(.text) for BUTTON_init
    sample.o(.text) refers to touchpanel.o(.text) for TP_Init
    sample.o(.text) refers to lib_joystick.o(.text) for joystick_init
    sample.o(.text) refers to lib_rit.o(.text) for init_RIT
    sample.o(.text) refers to lib_adc.o(.text) for ADC_init
    sample.o(.text) refers to lib_timer.o(.text) for init_timer
    sample.o(.text) refers to sample.o(.data.mat) for mat
    sample.o(.text) refers to sample.o(.data.livesPoint) for livesPoint
    sample.o(.text) refers to sample.o(.data.pause) for pause
    sample.o(.ARM.exidx) refers to sample.o(.text) for [Anonymous Symbol]
    system_lpc17xx.o(.text) refers to system_lpc17xx.o(.data.SystemFrequency) for SystemFrequency
    system_lpc17xx.o(.text) refers to system_lpc17xx.o(.bss.ScaleFlag) for ScaleFlag
    system_lpc17xx.o(.ARM.exidx) refers to system_lpc17xx.o(.text) for [Anonymous Symbol]
    irq_timer.o(.text) refers to sample.o(.bss.blinkyPOS) for blinkyPOS
    irq_timer.o(.text) refers to sample.o(.bss.pacmanPOS) for pacmanPOS
    irq_timer.o(.text) refers to irq_timer.o(.bss.frightened) for frightened
    irq_timer.o(.text) refers to sample.o(.data.lives) for lives
    irq_timer.o(.text) refers to sample.o(.data.livesPoint) for livesPoint
    irq_timer.o(.text) refers to irq_timer.o(.bss.vitaExtra) for vitaExtra
    irq_timer.o(.text) refers to glcd.o(.text) for LCD_DrawLine
    irq_timer.o(.text) refers to sample.o(.data.mat) for mat
    irq_timer.o(.text) refers to irq_timer.o(.bss.stopBlinky) for stopBlinky
    irq_timer.o(.text) refers to irq_timer.o(.bss.respawnTime) for respawnTime
    irq_timer.o(.text) refers to irq_timer.o(.data.moveBlinky.val) for moveBlinky.val
    irq_timer.o(.text) refers to irq_timer.o(.bss.moveBlinky.c) for moveBlinky.c
    irq_timer.o(.text) refers to music.o(.text) for playNote
    irq_timer.o(.text) refers to irq_timer.o(.data.countdown) for countdown
    irq_timer.o(.text) refers to irq_timer.o(.bss.stopFrightened) for stopFrightened
    irq_timer.o(.text) refers to irq_timer.o(.bss.score) for score
    irq_timer.o(.text) refers to lib_timer.o(.text) for disable_timer
    irq_timer.o(.text) refers to sample.o(.bss.powerN) for powerN
    irq_timer.o(.text) refers to rand.o(.emb_text) for rand
    irq_timer.o(.text) refers to irq_timer.o(.bss.TIMER0_IRQHandler.respawnBlinky) for TIMER0_IRQHandler.respawnBlinky
    irq_timer.o(.text) refers to irq_timer.o(.data.scoreToWin) for scoreToWin
    irq_timer.o(.text) refers to irq_timer.o(.bss.TIMER1_IRQHandler.c) for TIMER1_IRQHandler.c
    irq_timer.o(.text) refers to irq_timer.o(.bss.TIMER1_IRQHandler.tm0) for TIMER1_IRQHandler.tm0
    irq_timer.o(.text) refers to irq_timer.o(.bss.TIMER1_IRQHandler.tm1) for TIMER1_IRQHandler.tm1
    irq_timer.o(.text) refers to irq_rit.o(.bss.go) for go
    irq_timer.o(.text) refers to irq_timer.o(.bss.TIMER1_IRQHandler.direction) for TIMER1_IRQHandler.direction
    irq_timer.o(.text) refers to irq_timer.o(.bss.TIMER2_IRQHandler.sineticks) for TIMER2_IRQHandler.sineticks
[...]
    libinit2.o(.ARM.Collect$$libinit$$0000001A) refers to libinit2.o(.ARM.Collect$$libinit$$00000011) for .ARM.Collect$$libinit$$00000011
    libinit2.o(.ARM.Collect$$libinit$$00000028) refers to argv_veneer.o(.emb_text) for __ARM_argv_veneer
    libinit2.o(.ARM.Collect$$libinit$$00000029) refers to argv_veneer.o(.emb_text) for __ARM_argv_veneer
    deqf.o(x$fpl$deqf) refers (Special) to usenofp.o(x$fpl$usenofp) for __I$use$fp
    deqf.o(x$fpl$deqf) refers to dnaninf.o(x$fpl$dnaninf) for __fpl_dnaninf
    deqf.o(x$fpl$deqf) refers to dcmpi.o(x$fpl$dcmpinf) for __fpl_dcmp_Inf
    dgeqf.o(x$fpl$dgeqf) refers (Special) to usenofp.o(x$fpl$usenofp) for __I$use$fp
    dgeqf.o(x$fpl$dgeqf) refers to dnaninf.o(x$fpl$dnaninf) for __fpl_dnaninf
    dgeqf.o(x$fpl$dgeqf) refers to dcmpi.o(x$fpl$dcmpinf) for __fpl_dcmp_Inf
    dleqf.o(x$fpl$dleqf) refers (Special) to usenofp.o(x$fpl$usenofp) for __I$use$fp
    dleqf.o(x$fpl$dleqf) refers to dnaninf.o(x$fpl$dnaninf) for __fpl_dnaninf
    dleqf.o(x$fpl$dleqf) refers to dcmpi.o(x$fpl$dcmpinf) for __fpl_dcmp_Inf
    dnaninf.o(x$fpl$dnaninf) refers (Special) to usenofp.o(x$fpl$usenofp) for __I$use$fp
    dretinf.o(x$fpl$dretinf) refers (Special) to usenofp.o(x$fpl$usenofp) for __I$use$fp
    __rtentry2.o(.ARM.Collect$$rtentry$$00000008) refers to boardinit2.o(.text) for _platform_post_stackheap_init
    __rtentry2.o(.ARM.Collect$$rtentry$$0000000A) refers to libinit.o(.ARM.Collect$$libinit$$00000000) for __rt_lib_init
    __rtentry2.o(.ARM.Collect$$rtentry$$0000000B) refers to boardinit3.o(.text) for _platform_post_lib_init
    __rtentry2.o(.ARM.Collect$$rtentry$$0000000D) refers to sample.o(.text) for main
    __rtentry2.o(.ARM.Collect$$rtentry$$0000000D) refers to exit.o(.text) for exit
    __rtentry2.o(.ARM.exidx) refers to __rtentry2.o(.ARM.Collect$$rtentry$$00000001) for .ARM.Collect$$rtentry$$00000001
    __rtentry2.o(.ARM.exidx) refers to __rtentry2.o(.ARM.Collect$$rtentry$$00000008) for .ARM.Collect$$rtentry$$00000008
    __rtentry2.o(.ARM.exidx) refers to __rtentry2.o(.ARM.Collect$$rtentry$$0000000A) for .ARM.Collect$$rtentry$$0000000A
    __rtentry2.o(.ARM.exidx) refers to __rtentry2.o(.ARM.Collect$$rtentry$$0000000B) for .ARM.Collect$$rtentry$$0000000B
    __rtentry2.o(.ARM.exidx) refers to __rtentry2.o(.ARM.Collect$$rtentry$$0000000D) for .ARM.Collect$$rtentry$$0000000D
    __rtentry4.o(.ARM.Collect$$rtentry$$00000004) refers to sys_stackheap_outer.o(.text) for __user_setup_stackheap
    __rtentry4.o(.ARM.exidx) refers to __rtentry4.o(.ARM.Collect$$rtentry$$00000004) for .ARM.Collect$$rtentry$$00000004
    argv_veneer.o(.emb_text) refers to no_argv.o(.text) for __ARM_get_argv
    dcmpi.o(x$fpl$dcmpinf) refers (Special) to usenofp.o(x$fpl$usenofp) for __I$use$fp
    sys_stackheap_outer.o(.text) refers to libspace.o(.text) for __user_perproc_libspace
    sys_stackheap_outer.o(.text) refers to startup_lpc17xx.o(.text) for __user_initial_stackheap
    exit.o(.text) refers to rtexit.o(.ARM.Collect$$rtexit$$00000000) for __rt_exit
    _get_argv_nomalloc.o(.text) refers (Special) to hrguard.o(.text) for __heap_region$guard
    _get_argv_nomalloc.o(.text) refers to defsig_rtmem_outer.o(.text) for __rt_SIGRTMEM
    _get_argv_nomalloc.o(.text) refers to sys_command.o(.text) for _sys_command_string
    libinit.o(.ARM.Collect$$libinit$$00000000) refers (Special) to libinit2.o(.ARM.Collect$$libinit$$00000030) for __rt_lib_init_alloca_1
    libinit.o(.ARM.Collect$$libinit$$00000000) refers (Special) to libinit2.o(.ARM.Collect$$libinit$$0000002E) for __rt_lib_init_argv_1
    libinit.o(.ARM.Collect$$libinit$$00000000) refers (Special) to libinit2.o(.ARM.Collect$$libinit$$0000001D) for __rt_lib_init_atexit_1
    libinit.o(.ARM.Collect$$libinit$$00000000) refers (Special) to libinit2.o(.ARM.Collect$$libinit$$00000023) for __rt_lib_init_clock_1
    libinit.o(.ARM.Collect$$libinit$$00000000) refers (Special) to libinit2.o(.ARM.Collect$$libinit$$00000034) for __rt_lib_init_cpp_1
    libinit.o(.ARM.Collect$$libinit$$00000000) refers (Special) to libinit2.o(.ARM.Collect$$libinit$$00000032) for __rt_lib_init_exceptions_1
    libinit.o(.ARM.Collect$$libinit$$00000000) refers (Special) to libinit2.o(.ARM.Collect$$libinit$$00000002) for __rt_lib_init_fp_1
    libinit.o(.ARM.Collect$$libinit$$00000000) refers (Special) to libinit2.o(.ARM.Collect$$libinit$$00000021) for __rt_lib_init_fp_trap_1
    libinit.o(.ARM.Collect$$libinit$$00000000) refers (Special) to libinit2.o(.ARM.Collect$$libinit$$00000025) for __rt_lib_init_getenv_1
    libinit.o(.ARM.Collect$$libinit$$00000000) refers (Special) to libinit2.o(.ARM.Collect$$libinit$$0000000C) for __rt_lib_init_heap_1
    libinit.o(.ARM.Collect$$libinit$$00000000) refers (Special) to libinit2.o(.ARM.Collect$$libinit$$00000013) for __rt_lib_init_lc_collate_1
    libinit.o(.ARM.Collect$$libinit$$00000000) refers (Special) to libinit2.o(.ARM.Collect$$libinit$$00000015) for __rt_lib_init_lc_ctype_1
    libinit.o(.ARM.Collect$$libinit$$00000000) refers (Special) to libinit2.o(.ARM.Collect$$libinit$$00000017) for __rt_lib_init_lc_monetary_1
    libinit.o(.ARM.Collect$$libinit$$00000000) refers (Special) to libinit2.o(.ARM.Collect$$libinit$$00000019) for __rt_lib_init_lc_numeric_1
    libinit.o(.ARM.Collect$$libinit$$00000000) refers (Special) to libinit2.o(.ARM.Collect$$libinit$$0000001B) for __rt_lib_init_lc_time_1
    libinit.o(.ARM.Collect$$libinit$$00000000) refers (Special) to libinit2.o(.ARM.Collect$$libinit$$00000006) for __rt_lib_init_preinit_1
    libinit.o(.ARM.Collect$$libinit$$00000000) refers (Special) to libinit2.o(.ARM.Collect$$libinit$$00000010) for __rt_lib_init_rand_1
    libinit.o(.ARM.Collect$$libinit$$00000000) refers (Special) to libinit2.o(.ARM.Collect$$libinit$$00000004) for __rt_lib_init_relocate_pie_1
    libinit.o(.ARM.Collect$$libinit$$00000000) refers (Special) to libinit2.o(.ARM.Collect$$libinit$$00000035) for __rt_lib_init_return
    libinit.o(.ARM.Collect$$libinit$$00000000) refers (Special) to libinit2.o(.ARM.Collect$$libinit$$0000001F) for __rt_lib_init_signal_1
    libinit.o(.ARM.Collect$$libinit$$00000000) refers (Special) to libinit2.o(.ARM.Collect$$libinit$$00000027) for __rt_lib_init_stdio_1
    libinit.o(.ARM.Collect$$libinit$$00000000) refers (Special) to libinit2.o(.ARM.Collect$$libinit$$0000000E) for __rt_lib_init_user_alloc_1
    sys_command.o(.text) refers (Special) to use_no_semi.o(.text) for __I$use$semihosting
    sys_command.o(.text) refers (Special) to indicate_semi.o(.text) for __semihosting_library_function
    sys_command_hlt.o(.text) refers (Special) to use_no_semi.o(.text) for __I$use$semihosting
    sys_command_hlt.o(.text) refers (Special) to indicate_semi.o(.text) for __semihosting_library_function
    libspace.o(.text) refers to libspace.o(.bss) for __libspace_start
    rtexit.o(.ARM.Collect$$rtexit$$00000000) refers (Special) to rtexit2.o(.ARM.Collect$$rtexit$$00000004) for __rt_exit_exit
    rtexit.o(.ARM.Collect$$rtexit$$00000000) refers (Special) to rtexit2.o(.ARM.Collect$$rtexit$$00000003) for __rt_exit_ls
    rtexit.o(.ARM.Collect$$rtexit$$00000000) refers (Special) to rtexit2.o(.ARM.Collect$$rtexit$$00000002) for __rt_exit_prels_1
    rtexit.o(.ARM.exidx) refers (Special) to rtexit2.o(.ARM.Collect$$rtexit$$00000004) for __rt_exit_exit
    rtexit.o(.ARM.exidx) refers (Special) to rtexit2.o(.ARM.Collect$$rtexit$$00000003) for __rt_exit_ls
    rtexit.o(.ARM.exidx) refers (Special) to rtexit2.o(.ARM.Collect$$rtexit$$00000002) for __rt_exit_prels_1
    rtexit.o(.ARM.exidx) refers to rtexit.o(.ARM.Collect$$rtexit$$00000000) for .ARM.Collect$$rtexit$$00000000
    defsig_rtmem_outer.o(.text) refers to defsig_rtmem_inner.o(.text) for __rt_SIGRTMEM_inner
    defsig_rtmem_outer.o(.text) refers to defsig_exit.o(.text) for __sig_exit
    defsig_rtmem_formal.o(.text) refers to rt_raise.o(.text) for __rt_raise
    rtexit2.o(.ARM.Collect$$rtexit$$00000003) refers to libshutdown.o(.ARM.Collect$$libshutdown$$00000000) for __rt_lib_shutdown
    rtexit2.o(.ARM.Collect$$rtexit$$00000004) refers to sys_exit.o(.text) for _sys_exit
    rtexit2.o(.ARM.exidx) refers to rtexit2.o(.ARM.Collect$$rtexit$$00000001) for .ARM.Collect$$rtexit$$00000001
    rtexit2.o(.ARM.exidx) refers to rtexit2.o(.ARM.Collect$$rtexit$$00000003) for .ARM.Collect$$rtexit$$00000003
    rtexit2.o(.ARM.exidx) refers to rtexit2.o(.ARM.Collect$$rtexit$$00000004) for .ARM.Collect$$rtexit$$00000004
    rt_raise.o(.text) refers to __raise.o(.text) for __raise
    rt_raise.o(.text) refers to sys_exit.o(.text) for _sys_exit
    defsig_exit.o(.text) refers to sys_exit.o(.text) for _sys_exit
    defsig_rtmem_inner.o(.text) refers to defsig_general.o(.text) for __default_signal_display
    sys_exit.o(.text) refers (Special) to use_no_semi.o(.text) for __I$use$semihosting
    sys_exit.o(.text) refers (Special) to indicate_semi.o(.text) for __semihosting_library_function
    sys_exit_hlt.o(.text) refers (Special) to use_no_semi.o(.text) for __I$use$semihosting
    sys_exit_hlt.o(.text) refers (Special) to indicate_semi.o(.text) for __semihosting_library_function
    __raise.o(.text) refers to defsig.o(CL$$defsig) for __default_signal_handler
    defsig_general.o(.text) refers to sys_wrch.o(.text) for _ttywrch
    libshutdown.o(.ARM.Collect$$libshutdown$$00000000) refers (Special) to libshutdown2.o(.ARM.Collect$$libshutdown$$00000002) for __rt_lib_shutdown_cpp_1
    libshutdown.o(.ARM.Collect$$libshutdown$$00000000) refers (Special) to libshutdown2.o(.ARM.Collect$$libshutdown$$00000007) for __rt_lib_shutdown_fp_trap_1
    libshutdown.o(.ARM.Collect$$libshutdown$$00000000) refers (Special) to libshutdown2.o(.ARM.Collect$$libshutdown$$0000000F) for __rt_lib_shutdown_heap_1
    libshutdown.o(.ARM.Collect$$libshutdown$$00000000) refers (Special) to libshutdown2.o(.ARM.Collect$$libshutdown$$00000010) for __rt_lib_shutdown_return
    libshutdown.o(.ARM.Collect$$libshutdown$$00000000) refers (Special) to libshutdown2.o(.ARM.Collect$$libshutdown$$0000000A) for __rt_lib_shutdown_signal_1
    libshutdown.o(.ARM.Collect$$libshutdown$$00000000) refers (Special) to libshutdown2.o(.ARM.Collect$$libshutdown$$00000004) for __rt_lib_shutdown_stdio_1
    libshutdown.o(.ARM.Collect$$libshutdown$$00000000) refers (Special) to libshutdown2.o(.ARM.Collect$$libshutdown$$0000000C) for __rt_lib_shutdown_user_alloc_1
    sys_wrch.o(.text) refers (Special) to use_no_semi.o(.text) for __I$use$semihosting
    sys_wrch.o(.text) refers (Special) to indicate_semi.o(.text) for __semihosting_library_function
    sys_wrch_hlt.o(.text) refers (Special) to use_no_semi.o(.text) for __I$use$semihosting
    sys_wrch_hlt.o(.text) refers (Special) to indicate_semi.o(.text) for __semihosting_library_function
    defsig.o(CL$$defsig) refers to defsig_rtmem_inner.o(.text) for __rt_SIGRTMEM_inner
    defsig_abrt_inner.o(.text) refers to defsig_general.o(.text) for __default_signal_display
    defsig_fpe_inner.o(.text) refers to defsig_general.o(.text) for __default_signal_display
    defsig_rtred_inner.o(.text) refers to defsig_general.o(.text) for __default_signal_display
    defsig_stak_inner.o(.text) refers to defsig_general.o(.text) for __default_signal_display
    defsig_pvfn_inner.o(.text) refers to defsig_general.o(.text) for __default_signal_display
    defsig_cppl_inner.o(.text) refers to defsig_general.o(.text) for __default_signal_display
    defsig_segv_inner.o(.text) refers to defsig_general.o(.text) for __default_signal_display
    defsig_other.o(.text) refers to defsig_general.o(.text) for __default_signal_display


==============================================================================

Removing Unused input sections from the image.

    Removing sample.o(.ARM.exidx), (48 bytes).
    Removing sample.o(.rodata.str1.4), (12 bytes).
    Removing sample.o(.rodata.str1.1), (6 bytes).
    Removing sample.o(.bss.powerUP), (48 bytes).
    Removing sample.o(.ARM.use_no_argv), (4 bytes).
    Removing system_lpc17xx.o(.ARM.exidx), (8 bytes).
    Removing irq_timer.o(.ARM.exidx), (48 bytes).
    Removing lib_timer.o(.ARM.exidx), (32 bytes).
    Removing asciilib.o(.ARM.exidx), (8 bytes).
    Removing glcd.o(.ARM.exidx), (64 bytes).
    Removing hzlib.o(.text), (36 bytes).
    Removing hzlib.o(.ARM.exidx), (8 bytes).
    Removing hzlib.o(.rodata.HzLib), (216576 bytes).
    Removing touchpanel.o(.ARM.exidx), (128 bytes).
    Removing touchpanel.o(.bss.display), (4 bytes).
    Removing funct_joystick.o(.text), (2 bytes).
    Removing funct_joystick.o(.ARM.exidx), (8 bytes).
    Removing lib_joystick.o(.ARM.exidx), (8 bytes).
    Removing irq_rit.o(.ARM.exidx), (8 bytes).
    Removing lib_rit.o(.ARM.exidx), (32 bytes).
    Removing irq_button.o(.ARM.exidx), (24 bytes).
    Removing lib_button.o(.ARM.exidx), (8 bytes).
    Removing irq_adc.o(.ARM.exidx), (8 bytes).
    Removing lib_adc.o(.ARM.exidx), (16 bytes).
    Removing music.o(.ARM.exidx), (16 bytes).

25 unused section(s) (total 217160 bytes) removed from the image.

==============================================================================

Image Symbol Table

    Local Symbols

    Symbol Name                              Value     Ov Type        Size  Object(Section)

    ../clib/angel/boardlib.s                 0x00000000   Number         0  boardinit1.o ABSOLUTE
    ../clib/angel/boardlib.s                 0x00000000   Number         0  boardinit2.o ABSOLUTE
    ../clib/angel/boardlib.s                 0x00000000   Number         0  boardinit3.o ABSOLUTE
    ../clib/angel/boardlib.s                 0x00000000   Number         0  boardshut.o ABSOLUTE
    ../clib/angel/dczerorl2.s                0x00000000   Number         0  __dczerorl2.o ABSOLUTE
    ../clib/angel/handlers.s                 0x00000000   Number         0  __scatter_zi.o ABSOLUTE
    ../clib/angel/kernel.s                   0x00000000   Number         0  __rtentry.o ABSOLUTE
    ../clib/angel/kernel.s                   0x00000000   Number         0  __rtentry2.o ABSOLUTE
    ../clib/angel/kernel.s                   0x00000000   Number         0  __rtentry4.o ABSOLUTE
    ../clib/angel/kernel.s                   0x00000000   Number         0  rtexit.o ABSOLUTE
    ../clib/angel/kernel.s                   0x00000000   Number         0  rtexit2.o ABSOLUTE
    ../clib/angel/rt.s                       0x00000000   Number         0  rt_raise.o ABSOLUTE
    ../clib/angel/scatter.s                  0x00000000   Number         0  __scatter.o ABSOLUTE
    ../clib/angel/startup.s                  0x00000000   Number         0  __main.o ABSOLUTE
    ../clib/angel/sys.s                      0x00000000   Number         0  sys_stackheap_outer.o ABSOLUTE
    ../clib/angel/sys.s                      0x00000000   Number         0  libspace.o ABSOLUTE
    ../clib/angel/sys.s                      0x00000000   Number         0  use_no_semi.o ABSOLUTE
    ../clib/angel/sys.s                      0x00000000   Number         0  indicate_semi.o ABSOLUTE
    ../clib/angel/sysapp.c                   0x00000000   Number         0  sys_command.o ABSOLUTE
    ../clib/angel/sysapp.c                   0x00000000   Number         0  sys_command_hlt.o ABSOLUTE
    ../clib/angel/sysapp.c                   0x00000000   Number         0  sys_exit.o ABSOLUTE
    ../clib/angel/sysapp.c                   0x00000000   Number         0  sys_exit_hlt.o ABSOLUTE
    ../clib/angel/sysapp.c                   0x00000000   Number         0  sys_wrch.o ABSOLUTE
    ../clib/angel/sysapp.c                   0x00000000   Number         0  sys_wrch_hlt.o ABSOLUTE
    ../clib/armsys.c                         0x00000000   Number         0  argv_veneer.o ABSOLUTE
    ../clib/armsys.c                         0x00000000   Number         0  argv_veneer.o ABSOLUTE
    ../clib/armsys.c                         0x00000000   Number         0  _get_argv_nomalloc.o ABSOLUTE
    ../clib/armsys.c                         0x00000000   Number         0  no_argv.o ABSOLUTE
    ../clib/heapalloc.c                      0x00000000   Number         0  hrguard.o ABSOLUTE
    ../clib/heapaux.c                        0x00000000   Number         0  heapauxi.o ABSOLUTE
    ../clib/libinit.s                        0x00000000   Number         0  libinit2.o ABSOLUTE
    ../clib/libinit.s                        0x00000000   Number         0  libinit.o ABSOLUTE
    ../clib/libinit.s                        0x00000000   Number         0  libshutdown.o ABSOLUTE
    ../clib/libinit.s                        0x00000000   Number         0  libshutdown2.o ABSOLUTE
    ../clib/memcpset.s                       0x00000000   Number         0  rt_memcpy_v6.o ABSOLUTE
    ../clib/memcpset.s                       0x00000000   Number         0  rt_memclr_w.o ABSOLUTE
    ../clib/memcpset.s                       0x00000000   Number         0  rt_memcpy_w.o ABSOLUTE
    ../clib/misc.s                           0x00000000   Number         0  printf_stubs.o ABSOLUTE
    ../clib/printf.c                         0x00000000   Number         0  __2sprintf.o ABSOLUTE
    ../clib/printf.c                         0x00000000   Number         0  noretval__2sprintf.o ABSOLUTE
    ../clib/printf.c                         0x00000000   Number         0  __printf.o ABSOLUTE
    ../clib/printf.c                         0x00000000   Number         0  _printf_pad.o ABSOLUTE
    ../clib/printf.c                         0x00000000   Number         0  _printf_dec.o ABSOLUTE
    ../clib/printf.c                         0x00000000   Number         0  __printf_flags.o ABSOLUTE
    ../clib/printf.c                         0x00000000   Number         0  __printf_ss.o ABSOLUTE
    ../clib/printf.c                         0x00000000   Number         0  __printf_flags_ss.o ABSOLUTE
    ../clib/printf.c                         0x00000000   Number         0  __printf_wp.o ABSOLUTE
    ../clib/printf.c                         0x00000000   Number         0  __printf_flags_wp.o ABSOLUTE
    ../clib/printf.c                         0x00000000   Number         0  __printf_ss_wp.o ABSOLUTE
    ../clib/printf.c                         0x00000000   Number         0  __printf_flags_ss_wp.o ABSOLUTE
    ../clib/printf.c                         0x00000000   Number         0  _printf_intcommon.o ABSOLUTE
    ../clib/printf.c                         0x00000000   Number         0  _printf_char_common.o ABSOLUTE
    ../clib/printf.c                         0x00000000   Number         0  _sputc.o ABSOLUTE
    ../clib/printf.c                         0x00000000   Number         0  __printf_nopercent.o ABSOLUTE
    ../clib/printf_percent.s                 0x00000000   Number         0  _printf_d.o ABSOLUTE
    ../clib/printf_percent.s                 0x00000000   Number         0  _printf_percent.o ABSOLUTE
    ../clib/printf_percent.s                 0x00000000   Number         0  _printf_percent_end.o ABSOLUTE
    ../clib/signal.c                         0x00000000   Number         0  defsig_rtmem_outer.o ABSOLUTE
    ../clib/signal.c                         0x00000000   Number         0  defsig_rtmem_formal.o ABSOLUTE
    ../clib/signal.c                         0x00000000   Number         0  defsig_exit.o ABSOLUTE
    ../clib/signal.c                         0x00000000   Number         0  defsig_rtmem_inner.o ABSOLUTE
    ../clib/signal.c                         0x00000000   Number         0  __raise.o ABSOLUTE
    ../clib/signal.c                         0x00000000   Number         0  defsig_general.o ABSOLUTE
    ../clib/signal.c                         0x00000000   Number         0  defsig_abrt_inner.o ABSOLUTE
    ../clib/signal.c                         0x00000000   Number         0  defsig_fpe_inner.o ABSOLUTE
    ../clib/signal.c                         0x00000000   Number         0  defsig_rtred_inner.o ABSOLUTE
    ../clib/signal.c                         0x00000000   Number         0  defsig_stak_inner.o ABSOLUTE
    ../clib/signal.c                         0x00000000   Number         0  defsig_pvfn_inner.o ABSOLUTE
    ../clib/signal.c                         0x00000000   Number         0  defsig_cppl_inner.o ABSOLUTE
    ../clib/signal.c                         0x00000000   Number         0  defsig_segv_inner.o ABSOLUTE
    ../clib/signal.c                         0x00000000   Number         0  defsig_other.o ABSOLUTE
    ../clib/signal.s                         0x00000000   Number         0  defsig.o ABSOLUTE
    ../clib/stdlib.c                         0x00000000   Number         0  rand.o ABSOLUTE
    ../clib/stdlib.c                         0x00000000   Number         0  rand.o ABSOLUTE
    ../clib/stdlib.c                         0x00000000   Number         0  exit.o ABSOLUTE
    ../fplib/daddsub.s                       0x00000000   Number         0  daddsub_clz.o ABSOLUTE
    ../fplib/dcmp.s                          0x00000000   Number         0  dcmp.o ABSOLUTE
    ../fplib/dcmpi.s                         0x00000000   Number         0  dcmpi.o ABSOLUTE
    ../fplib/ddiv.s                          0x00000000   Number         0  ddiv.o ABSOLUTE
    ../fplib/deqf.s                          0x00000000   Number         0  deqf.o ABSOLUTE
    ../fplib/dfix.s                          0x00000000   Number         0  dfix.o ABSOLUTE
    ../fplib/dfixu.s                         0x00000000   Number         0  dfixu.o ABSOLUTE
    ../fplib/dflt.s                          0x00000000   Number         0  dflt_clz.o ABSOLUTE
    ../fplib/dgeqf.s                         0x00000000   Number         0  dgeqf.o ABSOLUTE
    ../fplib/dleqf.s                         0x00000000   Number         0  dleqf.o ABSOLUTE
    ../fplib/dmul.s                          0x00000000   Number         0  dmul.o ABSOLUTE
    ../fplib/dnaninf.s                       0x00000000   Number         0  dnaninf.o ABSOLUTE
    ../fplib/dretinf.s                       0x00000000   Number         0  dretinf.o ABSOLUTE
    ../fplib/fpinit.s                        0x00000000   Number         0  fpinit.o ABSOLUTE
    ../fplib/fpinit_empty.s                  0x00000000   Number         0  fpinit_empty.o ABSOLUTE
    ../fplib/usenofp.s                       0x00000000   Number         0  usenofp.o ABSOLUTE
    AsciiLib.c                               0x00000000   Number         0  asciilib.o ABSOLUTE
    GLCD.c                                   0x00000000   Number         0  glcd.o ABSOLUTE
    HzLib.c                                  0x00000000   Number         0  hzlib.o ABSOLUTE
    IRQ_RIT.c                                0x00000000   Number         0  irq_rit.o ABSOLUTE
    IRQ_adc.c                                0x00000000   Number         0  irq_adc.o ABSOLUTE
    IRQ_button.c                             0x00000000   Number         0  irq_button.o ABSOLUTE
    IRQ_timer.c                              0x00000000   Number         0  irq_timer.o ABSOLUTE
    Source\startup_LPC17xx.s                 0x00000000   Number         0  startup_lpc17xx.o ABSOLUTE
    TouchPanel.c                             0x00000000   Number         0  touchpanel.o ABSOLUTE
    dc.s                                     0x00000000   Number         0  dc.o ABSOLUTE
    funct_joystick.c                         0x00000000   Number         0  funct_joystick.o ABSOLUTE
    lib_RIT.c                                0x00000000   Number         0  lib_rit.o ABSOLUTE
    lib_adc.c                                0x00000000   Number         0  lib_adc.o ABSOLUTE
    lib_button.c                             0x00000000   Number         0  lib_button.o ABSOLUTE
    lib_joystick.c                           0x00000000   Number         0  lib_joystick.o ABSOLUTE
    lib_timer.c                              0x00000000   Number         0  lib_timer.o ABSOLUTE
    music.c                                  0x00000000   Number         0  music.o ABSOLUTE
    sample.c                                 0x00000000   Number         0  sample.o ABSOLUTE
    system_LPC17xx.c                         0x00000000   Number         0  system_lpc17xx.o ABSOLUTE
    RESET                                    0x00000000   Section      204  startup_lpc17xx.o(RESET)
    !!!main                                  0x000000cc   Section        8  __main.o(!!!main)
    !!!scatter                               0x000000d4   Section       92  __scatter.o(!!!scatter)
    !!dczerorl2                              0x00000130   Section       90  __dczerorl2.o(!!dczerorl2)
    !!handler_null                           0x0000018c   Section        2  __scatter.o(!!handler_null)
    !!handler_zi                             0x00000190   Section       28  __scatter_zi.o(!!handler_zi)
    .ARM.Collect$$_printf_percent$$00000000  0x000001ac   Section        0  _printf_percent.o(.ARM.Collect$$_printf_percent$$00000000)
    .ARM.Collect$$_printf_percent$$00000009  0x000001ac   Section        6  _printf_d.o(.ARM.Collect$$_printf_percent$$00000009)
    .ARM.Collect$$_printf_percent$$00000017  0x000001b2   Section        4  _printf_percent_end.o(.ARM.Collect$$_printf_percent$$00000017)
    .ARM.Collect$$libinit$$00000000          0x000001b6   Section        2  libinit.o(.ARM.Collect$$libinit$$00000000)
    .ARM.Collect$$libinit$$00000002          0x000001b8   Section        0  libinit2.o(.ARM.Collect$$libinit$$00000002)
    .ARM.Collect$$libinit$$00000004          0x000001b8   Section        0  libinit2.o(.ARM.Collect$$libinit$$00000004)
    .ARM.Collect$$libinit$$00000006          0x000001b8   Section        0  libinit2.o(.ARM.Collect$$libinit$$00000006)
    .ARM.Collect$$libinit$$0000000C          0x000001b8   Section        0  libinit2.o(.ARM.Collect$$libinit$$0000000C)
    .ARM.Collect$$libinit$$0000000E          0x000001b8   Section        0  libinit2.o(.ARM.Collect$$libinit$$0000000E)
    .ARM.Collect$$libinit$$0000000F          0x000001b8   Section        4  libinit2.o(.ARM.Collect$$libinit$$0000000F)
    .ARM.Collect$$libinit$$00000010          0x000001bc   Section        0  libinit2.o(.ARM.Collect$$libinit$$00000010)
    .ARM.Collect$$libinit$$00000013          0x000001bc   Section        0  libinit2.o(.ARM.Collect$$libinit$$00000013)
    .ARM.Collect$$libinit$$00000015          0x000001bc   Section        0  libinit2.o(.ARM.Collect$$libinit$$00000015)
    .ARM.Collect$$libinit$$00000017          0x000001bc   Section        0  libinit2.o(.ARM.Collect$$libinit$$00000017)
    .ARM.Collect$$libinit$$00000019          0x000001bc   Section        0  libinit2.o(.ARM.Collect$$libinit$$00000019)
    .ARM.Collect$$libinit$$0000001B          0x000001bc   Section        0  libinit2.o(.ARM.Collect$$libinit$$0000001B)
    .ARM.Collect$$libinit$$0000001D          0x000001bc   Section        0  libinit2.o(.ARM.Collect$$libinit$$0000001D)
    .ARM.Collect$$libinit$$0000001F          0x000001bc   Section        0  libinit2.o(.ARM.Collect$$libinit$$0000001F)
    .ARM.Collect$$libinit$$00000021          0x000001bc   Section        0  libinit2.o(.ARM.Collect$$libinit$$00000021)
    .ARM.Collect$$libinit$$00000023          0x000001bc   Section        0  libinit2.o(.ARM.Collect$$libinit$$00000023)
    .ARM.Collect$$libinit$$00000025          0x000001bc   Section        0  libinit2.o(.ARM.Collect$$libinit$$00000025)
    .ARM.Collect$$libinit$$00000027          0x000001bc   Section        0  libinit2.o(.ARM.Collect$$libinit$$00000027)
    .ARM.Collect$$libinit$$0000002E          0x000001bc   Section        0  libinit2.o(.ARM.Collect$$libinit$$0000002E)
    .ARM.Collect$$libinit$$00000030          0x000001bc   Section        0  libinit2.o(.ARM.Collect$$libinit$$00000030)
    .ARM.Collect$$libinit$$00000032          0x000001bc   Section        0  libinit2.o(.ARM.Collect$$libinit$$00000032)
    .ARM.Collect$$libinit$$00000034          0x000001bc   Section        0  libinit2.o(.ARM.Collect$$libinit$$00000034)
    .ARM.Collect$$libinit$$00000035          0x000001bc   Section        2  libinit2.o(.ARM.Collect$$libinit$$00000035)
    .ARM.Collect$$libshutdown$$00000000      0x000001be   Section        2  libshutdown.o(.ARM.Collect$$libshutdown$$00000000)
    .ARM.Collect$$libshutdown$$00000002      0x000001c0   Section        0  libshutdown2.o(.ARM.Collect$$libshutdown$$00000002)
    .ARM.Collect$$libshutdown$$00000004      0x000001c0   Section        0  libshutdown2.o(.ARM.Collect$$libshutdown$$00000004)
    .ARM.Collect$$libshutdown$$00000007      0x000001c0   Section        0  libshutdown2.o(.ARM.Collect$$libshutdown$$00000007)
    .ARM.Collect$$libshutdown$$0000000A      0x000001c0   Section        0  libshutdown2.o(.ARM.Collect$$libshutdown$$0000000A)
    .ARM.Collect$$libshutdown$$0000000C      0x000001c0   Section        0  libshutdown2.o(.ARM.Collect$$libshutdown$$0000000C)
    .ARM.Collect$$libshutdown$$0000000F      0x000001c0   Section        0  libshutdown2.o(.ARM.Collect$$libshutdown$$0000000F)
    .ARM.Collect$$libshutdown$$00000010      0x000001c0   Section        2  libshutdown2.o(.ARM.Collect$$libshutdown$$00000010)
    .ARM.Collect$$rtentry$$00000000          0x000001c2   Section        0  __rtentry.o(.ARM.Collect$$rtentry$$00000000)
    .ARM.Collect$$rtentry$$00000002          0x000001c2   Section        0  __rtentry2.o(.ARM.Collect$$rtentry$$00000002)
    .ARM.Collect$$rtentry$$00000004          0x000001c2   Section        6  __rtentry4.o(.ARM.Collect$$rtentry$$00000004)
    .ARM.Collect$$rtentry$$00000009          0x000001c8   Section        0  __rtentry2.o(.ARM.Collect$$rtentry$$00000009)
    .ARM.Collect$$rtentry$$0000000A          0x000001c8   Section        4  __rtentry2.o(.ARM.Collect$$rtentry$$0000000A)
    .ARM.Collect$$rtentry$$0000000C          0x000001cc   Section        0  __rtentry2.o(.ARM.Collect$$rtentry$$0000000C)
    .ARM.Collect$$rtentry$$0000000D          0x000001cc   Section        8  __rtentry2.o(.ARM.Collect$$rtentry$$0000000D)
    .ARM.Collect$$rtexit$$00000000           0x000001d4   Section        2  rtexit.o(.ARM.Collect$$rtexit$$00000000)
    .ARM.Collect$$rtexit$$00000002           0x000001d6   Section        0  rtexit2.o(.ARM.Collect$$rtexit$$00000002)
    .ARM.Collect$$rtexit$$00000003           0x000001d6   Section        4  rtexit2.o(.ARM.Collect$$rtexit$$00000003)
    .ARM.Collect$$rtexit$$00000004           0x000001da   Section        6  rtexit2.o(.ARM.Collect$$rtexit$$00000004)
    .emb_text                                0x000001e0   Section       52  rand.o(.emb_text)
    .text                                    0x00000214   Section       52  startup_lpc17xx.o(.text)
    [Anonymous Symbol]                       0x00000248   Section        0  asciilib.o(.text)
    [Anonymous Symbol]                       0x00000274   Section        0  lib_joystick.o(.text)
    .text                                    0x000002c8   Section        0  noretval__2sprintf.o(.text)
    .text                                    0x000002f0   Section        0  heapauxi.o(.text)
    .text                                    0x000002f6   Section        2  use_no_semi.o(.text)
    .text                                    0x000002f8   Section        0  indicate_semi.o(.text)
    x$fpl$usenofp                            0x000002f8   Section        0  usenofp.o(x$fpl$usenofp)
    .ARM.__at_0x02FC                         0x000002fc   Section        4  startup_lpc17xx.o(.ARM.__at_0x02FC)
    [Anonymous Symbol]                       0x00000300   Section        0  sample.o(.text)
    [Anonymous Symbol]                       0x00000848   Section        0  system_lpc17xx.o(.text)
    [Anonymous Symbol]                       0x00000998   Section        0  irq_timer.o(.text)
    [Anonymous Symbol]                       0x000019fc   Section        0  lib_timer.o(.text)
    [Anonymous Symbol]                       0x00001b58   Section        0  glcd.o(.text)
    [Anonymous Symbol]                       0x00003314   Section        0  touchpanel.o(.text)
    ADS7843_SPI_Init                         0x00003379   Thumb Code   148  touchpanel.o(.text)
    DelayUS                                  0x0000344d   Thumb Code    58  touchpanel.o(.text)
    WR_CMD                                   0x00003489   Thumb Code    98  touchpanel.o(.text)
    RD_AD                                    0x000034ed   Thumb Code    86  touchpanel.o(.text)
    [Anonymous Symbol]                       0x0000403c   Section        0  irq_rit.o(.text)
    [Anonymous Symbol]                       0x00004180   Section        0  lib_rit.o(.text)
    [Anonymous Symbol]                       0x00004200   Section        0  irq_button.o(.text)
    [Anonymous Symbol]                       0x0000426c   Section        0  lib_button.o(.text)
    [Anonymous Symbol]                       0x000042e8   Section        0  irq_adc.o(.text)
    [Anonymous Symbol]                       0x00004354   Section        0  lib_adc.o(.text)
    [Anonymous Symbol]                       0x000043bc   Section        0  music.o(.text)
    .text                                    0x00004412   Section        0  _printf_pad.o(.text)
    .text                                    0x00004460   Section        0  _printf_dec.o(.text)
    .text                                    0x000044d8   Section        0  __printf_flags_wp.o(.text)
    .text                                    0x00004610   Section        0  rand.o(.text)
    .text                                    0x0000464c   Section       78  rt_memclr_w.o(.text)
    .text                                    0x0000469a   Section        0  _printf_intcommon.o(.text)
    _printf_input_char                       0x0000474d   Thumb Code    10  _printf_char_common.o(.text)
    .text                                    0x0000474c   Section        0  _printf_char_common.o(.text)
    .text                                    0x0000477c   Section        0  _sputc.o(.text)
    .text                                    0x00004786   Section       74  sys_stackheap_outer.o(.text)
    .text                                    0x000047d0   Section        0  exit.o(.text)
    .text                                    0x000047e4   Section        8  libspace.o(.text)
    .text                                    0x000047ec   Section        0  sys_exit.o(.text)
    i._is_digit                              0x000047f8   Section        0  __printf_wp.o(i._is_digit)
    x$fpl$dadd                               0x00004808   Section      336  daddsub_clz.o(x$fpl$dadd)
    _dadd1                                   0x00004819   Thumb Code     0  daddsub_clz.o(x$fpl$dadd)
    x$fpl$dcmpinf                            0x00004958   Section       24  dcmpi.o(x$fpl$dcmpinf)
    x$fpl$ddiv                               0x00004970   Section      696  ddiv.o(x$fpl$ddiv)
    ddiv_entry                               0x00004977   Thumb Code     0  ddiv.o(x$fpl$ddiv)
    x$fpl$deqf                               0x00004c28   Section      120  deqf.o(x$fpl$deqf)
    x$fpl$dfix                               0x00004ca0   Section       94  dfix.o(x$fpl$dfix)
    x$fpl$dfixu                              0x00004d00   Section       90  dfixu.o(x$fpl$dfixu)
    x$fpl$dflt                               0x00004d5a   Section       46  dflt_clz.o(x$fpl$dflt)
    x$fpl$dfltu                              0x00004d88   Section       38  dflt_clz.o(x$fpl$dfltu)
    x$fpl$dgeqf                              0x00004db0   Section      120  dgeqf.o(x$fpl$dgeqf)
    x$fpl$dleqf                              0x00004e28   Section      120  dleqf.o(x$fpl$dleqf)
    x$fpl$dmul                               0x00004ea0   Section      340  dmul.o(x$fpl$dmul)
    x$fpl$dnaninf                            0x00004ff4   Section      156  dnaninf.o(x$fpl$dnaninf)
    x$fpl$dretinf                            0x00005090   Section       12  dretinf.o(x$fpl$dretinf)
    x$fpl$dsub                               0x0000509c   Section      476  daddsub_clz.o(x$fpl$dsub)
    _dsub1                                   0x000050ad   Thumb Code     0  daddsub_clz.o(x$fpl$dsub)
    x$fpl$fcmp                               0x00005278   Section       84  dcmp.o(x$fpl$fcmp)
    maptable                                 0x000052cc   Data          17  __printf_flags_wp.o(.constdata)
    .constdata                               0x000052cc   Section       17  __printf_flags_wp.o(.constdata)
    AsciiLib                                 0x000052dd   Data        1520  asciilib.o(.rodata.AsciiLib)
    [Anonymous Symbol]                       0x000052dd   Section        0  asciilib.o(.rodata.AsciiLib)
    .L.str                                   0x000058f0   Data          29  touchpanel.o(.rodata.str1.1)
    [Anonymous Symbol]                       0x000058f0   Section        0  touchpanel.o(.rodata.str1.1)
    moveBlinky.val                           0x2007c078   Data           4  irq_timer.o(.data.moveBlinky.val)
    [Anonymous Symbol]                       0x2007c078   Section        0  irq_timer.o(.data.moveBlinky.val)
    .bss                                     0x2007c208   Section      228  rand.o(.bss)
    .bss                                     0x2007c2ec   Section       96  libspace.o(.bss)
    RIT_IRQHandler.currentNote               0x2007c350   Data           4  irq_rit.o(.bss.RIT_IRQHandler.currentNote)
    [Anonymous Symbol]                       0x2007c350   Section        0  irq_rit.o(.bss.RIT_IRQHandler.currentNote)
    RIT_IRQHandler.ticks                     0x2007c354   Data           4  irq_rit.o(.bss.RIT_IRQHandler.ticks)
    [Anonymous Symbol]                       0x2007c354   Section        0  irq_rit.o(.bss.RIT_IRQHandler.ticks)
    Read_Ads7846.screen                      0x2007c358   Data           4  touchpanel.o(.bss.Read_Ads7846.screen)
    [Anonymous Symbol]                       0x2007c358   Section        0  touchpanel.o(.bss.Read_Ads7846.screen)
    TIMER0_IRQHandler.respawnBlinky          0x2007c36c   Data           4  irq_timer.o(.bss.TIMER0_IRQHandler.respawnBlinky)
    [Anonymous Symbol]                       0x2007c36c   Section        0  irq_timer.o(.bss.TIMER0_IRQHandler.respawnBlinky)
    TIMER1_IRQHandler.c                      0x2007c370   Data           1  irq_timer.o(.bss.TIMER1_IRQHandler.c)
    [Anonymous Symbol]                       0x2007c370   Section        0  irq_timer.o(.bss.TIMER1_IRQHandler.c)
    TIMER1_IRQHandler.direction              0x2007c374   Data           4  irq_timer.o(.bss.TIMER1_IRQHandler.direction)
    [Anonymous Symbol]                       0x2007c374   Section        0  irq_timer.o(.bss.TIMER1_IRQHandler.direction)
    TIMER1_IRQHandler.tm0                    0x2007c378   Data           4  irq_timer.o(.bss.TIMER1_IRQHandler.tm0)
    [Anonymous Symbol]                       0x2007c378   Section        0  irq_timer.o(.bss.TIMER1_IRQHandler.tm0)
    TIMER1_IRQHandler.tm1                    0x2007c37c   Data           4  irq_timer.o(.bss.TIMER1_IRQHandler.tm1)
    [Anonymous Symbol]                       0x2007c37c   Section        0  irq_timer.o(.bss.TIMER1_IRQHandler.tm1)
    TIMER2_IRQHandler.sineticks              0x2007c380   Data           4  irq_timer.o(.bss.TIMER2_IRQHandler.sineticks)
    [Anonymous Symbol]                       0x2007c380   Section        0  irq_timer.o(.bss.TIMER2_IRQHandler.sineticks)
    moveBlinky.c                             0x2007c3d0   Data           4  irq_timer.o(.bss.moveBlinky.c)
    [Anonymous Symbol]                       0x2007c3d0   Section        0  irq_timer.o(.bss.moveBlinky.c)
    Heap_Mem                                 0x2007c410   Data           0  startup_lpc17xx.o(HEAP)
    Stack_Mem                                0x2007c410   Data        1024  startup_lpc17xx.o(STACK)
    HEAP                                     0x2007c410   Section        0  startup_lpc17xx.o(HEAP)
    STACK                                    0x2007c410   Section     1024  startup_lpc17xx.o(STACK)
    __initial_sp                             0x2007c810   Data           0  startup_lpc17xx.o(STACK)

    Global Symbols

    Symbol Name                              Value     Ov Type        Size  Object(Section)

    BuildAttributes$$THM_ISAv4$P$D$K$B$S$PE$A:L22UL41UL21$X:L11$S22US41US21$IEEE1$IW$~IW$USESV6$~STKCKD$USESV7$~SHL$OTIME$ROPI$EBA8$UX$STANDARDLIB$REQ8$PRES8$EABIv2 0x00000000   Number         0  anon$$obj.o ABSOLUTE
    __Vectors                                0x00000000   Data           4  startup_lpc17xx.o(RESET)
    __fp_init_empty                          0x00000000   Number         0  fpinit_empty.o ABSOLUTE
    _printf_flags                            0x00000000   Number         0  printf_stubs.o ABSOLUTE
    _printf_return_value                     0x00000000   Number         0  printf_stubs.o ABSOLUTE
    _printf_sizespec                         0x00000000   Number         0  printf_stubs.o ABSOLUTE
    _printf_widthprec                        0x00000000   Number         0  printf_stubs.o ABSOLUTE
    __ARM_exceptions_init                     - Undefined Weak Reference
    __alloca_initialize                       - Undefined Weak Reference
    __arm_preinit_                            - Undefined Weak Reference
    __arm_relocate_pie_                       - Undefined Weak Reference
    __cpp_initialize__aeabi_                  - Undefined Weak Reference
    __cxa_finalize                            - Undefined Weak Reference
    __rt_locale                               - Undefined Weak Reference
    __sigvec_lookup                           - Undefined Weak Reference
    _atexit_init                              - Undefined Weak Reference
    _call_atexit_fns                          - Undefined Weak Reference
    _clock_init                               - Undefined Weak Reference
    _fp_trap_init                             - Undefined Weak Reference
    _fp_trap_shutdown                         - Undefined Weak Reference
    _get_lc_collate                           - Undefined Weak Reference
    _get_lc_ctype                             - Undefined Weak Reference
    _get_lc_monetary                          - Undefined Weak Reference
    _get_lc_numeric                           - Undefined Weak Reference
    _get_lc_time                              - Undefined Weak Reference
    _getenv_init                              - Undefined Weak Reference
    _handle_redirection                       - Undefined Weak Reference
    _init_alloc                               - Undefined Weak Reference
    _init_user_alloc                          - Undefined Weak Reference
    _initio                                   - Undefined Weak Reference
    _printf_truncate_signed                   - Undefined Weak Reference
    _printf_truncate_unsigned                 - Undefined Weak Reference
    _signal_finish                            - Undefined Weak Reference
    _signal_init                              - Undefined Weak Reference
    _terminate_alloc                          - Undefined Weak Reference
    _terminate_user_alloc                     - Undefined Weak Reference
    _terminateio                              - Undefined Weak Reference
    __main                                   0x000000cd   Thumb Code     8  __main.o(!!!main)
    __scatterload                            0x000000d5   Thumb Code     0  __scatter.o(!!!scatter)
    __scatterload_rt2                        0x000000d5   Thumb Code    84  __scatter.o(!!!scatter)
    __scatterload_rt2_thumb_only             0x000000d5   Thumb Code     0  __scatter.o(!!!scatter)
    __scatterload_loop                       0x000000df   Thumb Code     0  __scatter.o(!!!scatter)
    __decompress                             0x00000131   Thumb Code    90  __dczerorl2.o(!!dczerorl2)
    __decompress1                            0x00000131   Thumb Code     0  __dczerorl2.o(!!dczerorl2)
    __scatterload_null                       0x0000018d   Thumb Code     2  __scatter.o(!!handler_null)
    __scatterload_zeroinit                   0x00000191   Thumb Code    28  __scatter_zi.o(!!handler_zi)
    _printf_d                                0x000001ad   Thumb Code     0  _printf_d.o(.ARM.Collect$$_printf_percent$$00000009)
    _printf_percent                          0x000001ad   Thumb Code     0  _printf_percent.o(.ARM.Collect$$_printf_percent$$00000000)
    _printf_percent_end                      0x000001b3   Thumb Code     0  _printf_percent_end.o(.ARM.Collect$$_printf_percent$$00000017)
    __rt_lib_init                            0x000001b7   Thumb Code     0  libinit.o(.ARM.Collect$$libinit$$00000000)
    __rt_lib_init_fp_1                       0x000001b9   Thumb Code     0  libinit2.o(.ARM.Collect$$libinit$$00000002)
    __rt_lib_init_heap_1                     0x000001b9   Thumb Code     0  libinit2.o(.ARM.Collect$$libinit$$0000000C)
    __rt_lib_init_preinit_1                  0x000001b9   Thumb Code     0  libinit2.o(.ARM.Collect$$libinit$$00000006)
    __rt_lib_init_rand_2                     0x000001b9   Thumb Code     0  libinit2.o(.ARM.Collect$$libinit$$0000000F)
    __rt_lib_init_relocate_pie_1             0x000001b9   Thumb Code     0  libinit2.o(.ARM.Collect$$libinit$$00000004)
    __rt_lib_init_user_alloc_1               0x000001b9   Thumb Code     0  libinit2.o(.ARM.Collect$$libinit$$0000000E)
    __rt_lib_init_alloca_1                   0x000001bd   Thumb Code     0  libinit2.o(.ARM.Collect$$libinit$$00000030)
    __rt_lib_init_argv_1                     0x000001bd   Thumb Code     0  libinit2.o(.ARM.Collect$$libinit$$0000002E)
    __rt_lib_init_atexit_1                   0x000001bd   Thumb Code     0  libinit2.o(.ARM.Collect$$libinit$$0000001D)
    __rt_lib_init_clock_1                    0x000001bd   Thumb Code     0  libinit2.o(.ARM.Collect$$libinit$$00000023)
    __rt_lib_init_cpp_1                      0x000001bd   Thumb Code     0  libinit2.o(.ARM.Collect$$libinit$$00000034)
    __rt_lib_init_exceptions_1               0x000001bd   Thumb Code     0  libinit2.o(.ARM.Collect$$libinit$$00000032)
    __rt_lib_init_fp_trap_1                  0x000001bd   Thumb Code     0  libinit2.o(.ARM.Collect$$libinit$$00000021)
    __rt_lib_init_getenv_1                   0x000001bd   Thumb Code     0  libinit2.o(.ARM.Collect$$libinit$$00000025)
    __rt_lib_init_lc_collate_1               0x000001bd   Thumb Code     0  libinit2.o(.ARM.Collect$$libinit$$00000013)
    __rt_lib_init_lc_ctype_1                 0x000001bd   Thumb Code     0  libinit2.o(.ARM.Collect$$libinit$$00000015)
    __rt_lib_init_lc_monetary_1              0x000001bd   Thumb Code     0  libinit2.o(.ARM.Collect$$libinit$$00000017)
    __rt_lib_init_lc_numeric_1               0x000001bd   Thumb Code     0  libinit2.o(.ARM.Collect$$libinit$$00000019)
    __rt_lib_init_lc_time_1                  0x000001bd   Thumb Code     0  libinit2.o(.ARM.Collect$$libinit$$0000001B)
    __rt_lib_init_rand_1                     0x000001bd   Thumb Code     0  libinit2.o(.ARM.Collect$$libinit$$00000010)
    __rt_lib_init_return                     0x000001bd   Thumb Code     0  libinit2.o(.ARM.Collect$$libinit$$00000035)
    __rt_lib_init_signal_1                   0x000001bd   Thumb Code     0  libinit2.o(.ARM.Collect$$libinit$$0000001F)
    __rt_lib_init_stdio_1                    0x000001bd   Thumb Code     0  libinit2.o(.ARM.Collect$$libinit$$00000027)
    __rt_lib_shutdown                        0x000001bf   Thumb Code     0  libshutdown.o(.ARM.Collect$$libshutdown$$00000000)
    __rt_lib_shutdown_cpp_1                  0x000001c1   Thumb Code     0  libshutdown2.o(.ARM.Collect$$libshutdown$$00000002)
    __rt_lib_shutdown_fp_trap_1              0x000001c1   Thumb Code     0  libshutdown2.o(.ARM.Collect$$libshutdown$$00000007)
    __rt_lib_shutdown_heap_1                 0x000001c1   Thumb Code     0  libshutdown2.o(.ARM.Collect$$libshutdown$$0000000F)
    __rt_lib_shutdown_return                 0x000001c1   Thumb Code     0  libshutdown2.o(.ARM.Collect$$libshutdown$$00000010)
    __rt_lib_shutdown_signal_1               0x000001c1   Thumb Code     0  libshutdown2.o(.ARM.Collect$$libshutdown$$0000000A)
    __rt_lib_shutdown_stdio_1                0x000001c1   Thumb Code     0  libshutdown2.o(.ARM.Collect$$libshutdown$$00000004)
    __rt_lib_shutdown_user_alloc_1           0x000001c1   Thumb Code     0  libshutdown2.o(.ARM.Collect$$libshutdown$$0000000C)
    __rt_entry                               0x000001c3   Thumb Code     0  __rtentry.o(.ARM.Collect$$rtentry$$00000000)
    __rt_entry_presh_1                       0x000001c3   Thumb Code     0  __rtentry2.o(.ARM.Collect$$rtentry$$00000002)
    __rt_entry_sh                            0x000001c3   Thumb Code     0  __rtentry4.o(.ARM.Collect$$rtentry$$00000004)
    __rt_entry_li                            0x000001c9   Thumb Code     0  __rtentry2.o(.ARM.Collect$$rtentry$$0000000A)
    __rt_entry_postsh_1                      0x000001c9   Thumb Code     0  __rtentry2.o(.ARM.Collect$$rtentry$$00000009)
    __rt_entry_main                          0x000001cd   Thumb Code     0  __rtentry2.o(.ARM.Collect$$rtentry$$0000000D)
    __rt_entry_postli_1                      0x000001cd   Thumb Code     0  __rtentry2.o(.ARM.Collect$$rtentry$$0000000C)
    __rt_exit                                0x000001d5   Thumb Code     0  rtexit.o(.ARM.Collect$$rtexit$$00000000)
    __rt_exit_ls                             0x000001d7   Thumb Code     0  rtexit2.o(.ARM.Collect$$rtexit$$00000003)
    __rt_exit_prels_1                        0x000001d7   Thumb Code     0  rtexit2.o(.ARM.Collect$$rtexit$$00000002)
    __rt_exit_exit                           0x000001db   Thumb Code     0  rtexit2.o(.ARM.Collect$$rtexit$$00000004)
    rand                                     0x000001e1   Thumb Code    48  rand.o(.emb_text)
    Reset_Handler                            0x00000215   Thumb Code     4  startup_lpc17xx.o(.text)
    NMI_Handler                              0x00000219   Thumb Code     2  startup_lpc17xx.o(.text)
    HardFault_Handler                        0x0000021b   Thumb Code     2  startup_lpc17xx.o(.text)
    MemManage_Handler                        0x0000021d   Thumb Code     2  startup_lpc17xx.o(.text)
    BusFault_Handler                         0x0000021f   Thumb Code     2  startup_lpc17xx.o(.text)
    UsageFault_Handler                       0x00000221   Thumb Code     2  startup_lpc17xx.o(.text)
    SVC_Handler                              0x00000223   Thumb Code     2  startup_lpc17xx.o(.text)
    DebugMon_Handler                         0x00000225   Thumb Code     2  startup_lpc17xx.o(.text)
    PendSV_Handler                           0x00000227   Thumb Code     2  startup_lpc17xx.o(.text)
    SysTick_Handler                          0x00000229   Thumb Code     2  startup_lpc17xx.o(.text)
    BOD_IRQHandler                           0x0000022b   Thumb Code     0  startup_lpc17xx.o(.text)
    CANActivity_IRQHandler                   0x0000022b   Thumb Code     0  startup_lpc17xx.o(.text)
    CAN_IRQHandler                           0x0000022b   Thumb Code     0  startup_lpc17xx.o(.text)
    DMA_IRQHandler                           0x0000022b   Thumb Code     0  startup_lpc17xx.o(.text)
    EINT3_IRQHandler                         0x0000022b   Thumb Code     0  startup_lpc17xx.o(.text)
    ENET_IRQHandler                          0x0000022b   Thumb Code     0  startup_lpc17xx.o(.text)
    I2C0_IRQHandler                          0x0000022b   Thumb Code     0  startup_lpc17xx.o(.text)
    I2C1_IRQHandler                          0x0000022b   Thumb Code     0  startup_lpc17xx.o(.text)
    I2C2_IRQHandler                          0x0000022b   Thumb Code     0  startup_lpc17xx.o(.text)
    I2S_IRQHandler                           0x0000022b   Thumb Code     0  startup_lpc17xx.o(.text)
    MCPWM_IRQHandler                         0x0000022b   Thumb Code     0  startup_lpc17xx.o(.text)
    PLL0_IRQHandler                          0x0000022b   Thumb Code     0  startup_lpc17xx.o(.text)
    PLL1_IRQHandler                          0x0000022b   Thumb Code     0  startup_lpc17xx.o(.text)
    PWM1_IRQHandler                          0x0000022b   Thumb Code     0  startup_lpc17xx.o(.text)
    QEI_IRQHandler                           0x0000022b   Thumb Code     0  startup_lpc17xx.o(.text)
    RTC_IRQHandler                           0x0000022b   Thumb Code     0  startup_lpc17xx.o(.text)
    SPI_IRQHandler                           0x0000022b   Thumb Code     0  startup_lpc17xx.o(.text)
    SSP0_IRQHandler                          0x0000022b   Thumb Code     0  startup_lpc17xx.o(.text)
    SSP1_IRQHandler                          0x0000022b   Thumb Code     0  startup_lpc17xx.o(.text)
    UART0_IRQHandler                         0x0000022b   Thumb Code     0  startup_lpc17xx.o(.text)
    UART1_IRQHandler                         0x0000022b   Thumb Code     0  startup_lpc17xx.o(.text)
    UART2_IRQHandler                         0x0000022b   Thumb Code     0  startup_lpc17xx.o(.text)
    UART3_IRQHandler                         0x0000022b   Thumb Code     0  startup_lpc17xx.o(.text)
    USBActivity_IRQHandler                   0x0000022b   Thumb Code     0  startup_lpc17xx.o(.text)
    USB_IRQHandler                           0x0000022b   Thumb Code     0  startup_lpc17xx.o(.text)
    WDT_IRQHandler                           0x0000022b   Thumb Code     0  startup_lpc17xx.o(.text)
    __user_initial_stackheap                 0x0000022d   Thumb Code     0  startup_lpc17xx.o(.text)
    GetASCIICode                             0x00000249   Thumb Code    42  asciilib.o(.text)
    joystick_init                            0x00000275   Thumb Code    82  lib_joystick.o(.text)
    __2sprintf                               0x000002c9   Thumb Code    34  noretval__2sprintf.o(.text)
    __use_two_region_memory                  0x000002f1   Thumb Code     2  heapauxi.o(.text)
    __rt_heap_escrow$2region                 0x000002f3   Thumb Code     2  heapauxi.o(.text)
    __rt_heap_expand$2region                 0x000002f5   Thumb Code     2  heapauxi.o(.text)
    __I$use$semihosting                      0x000002f7   Thumb Code     0  use_no_semi.o(.text)
    __use_no_semihosting_swi                 0x000002f7   Thumb Code     2  use_no_semi.o(.text)
    __I$use$fp                               0x000002f8   Number         0  usenofp.o(x$fpl$usenofp)
    __semihosting_library_function           0x000002f9   Thumb Code     0  indicate_semi.o(.text)
    pacman                                   0x00000301   Thumb Code   158  sample.o(.text)
    blinky                                   0x000003a1   Thumb Code   198  sample.o(.text)
    map                                      0x00000469   Thumb Code    94  sample.o(.text)
    food                                     0x000004c9   Thumb Code   116  sample.o(.text)
    draw                                     0x0000053d   Thumb Code   406  sample.o(.text)
    main                                     0x000006d5   Thumb Code   364  sample.o(.text)
    SystemInit                               0x00000849   Thumb Code   320  system_lpc17xx.o(.text)
    moveBlinky                               0x00000999   Thumb Code  1458  irq_timer.o(.text)
    move                                     0x00000f4d   Thumb Code   446  irq_timer.o(.text)
    TIMER0_IRQHandler                        0x0000110d   Thumb Code   856  irq_timer.o(.text)
    TIMER1_IRQHandler                        0x00001471   Thumb Code  1328  irq_timer.o(.text)
    TIMER2_IRQHandler                        0x000019a9   Thumb Code    60  irq_timer.o(.text)
    TIMER3_IRQHandler                        0x000019e5   Thumb Code    22  irq_timer.o(.text)
    enable_timer                             0x000019fd   Thumb Code    38  lib_timer.o(.text)
    disable_timer                            0x00001a25   Thumb Code    38  lib_timer.o(.text)
    reset_timer                              0x00001a4d   Thumb Code    42  lib_timer.o(.text)
    init_timer                               0x00001a79   Thumb Code   224  lib_timer.o(.text)
    LCD_Initialization                       0x00001b59   Thumb Code  4466  glcd.o(.text)
    LCD_Clear                                0x00002ccd   Thumb Code   292  glcd.o(.text)
    LCD_GetPoint                             0x00002df1   Thumb Code   356  glcd.o(.text)
    LCD_SetPoint                             0x00002f55   Thumb Code   322  glcd.o(.text)
    LCD_DrawLine                             0x00003099   Thumb Code   224  glcd.o(.text)
    PutChar                                  0x00003179   Thumb Code   102  glcd.o(.text)
    PutNumber                                0x000031e1   Thumb Code   140  glcd.o(.text)
    GUI_Text                                 0x00003275   Thumb Code   158  glcd.o(.text)
    LPC17xx_SPI_SetSpeed                     0x00003315   Thumb Code    52  touchpanel.o(.text)
    TP_Init                                  0x00003349   Thumb Code    48  touchpanel.o(.text)
    Read_X                                   0x0000340d   Thumb Code    64  touchpanel.o(.text)
    Read_Y                                   0x00003545   Thumb Code    64  touchpanel.o(.text)
    TP_GetAdXY                               0x00003585   Thumb Code    42  touchpanel.o(.text)
    TP_DrawPoint                             0x000035b1   Thumb Code    32  touchpanel.o(.text)
    DrawCross                                0x000035d1   Thumb Code   434  touchpanel.o(.text)
    DeleteCross                              0x00003785   Thumb Code   428  touchpanel.o(.text)
    Read_Ads7846                             0x00003931   Thumb Code   808  touchpanel.o(.text)
    setCalibrationMatrix                     0x00003c59   Thumb Code   464  touchpanel.o(.text)
    getDisplayPoint                          0x00003e29   Thumb Code   314  touchpanel.o(.text)
    TouchPanel_Calibrate                     0x00003f65   Thumb Code   214  touchpanel.o(.text)
    RIT_IRQHandler                           0x0000403d   Thumb Code   316  irq_rit.o(.text)
    enable_RIT                               0x00004181   Thumb Code    16  lib_rit.o(.text)
    disable_RIT                              0x00004191   Thumb Code    16  lib_rit.o(.text)
    reset_RIT                                0x000041a1   Thumb Code    12  lib_rit.o(.text)
    init_RIT                                 0x000041ad   Thumb Code    82  lib_rit.o(.text)
    EINT0_IRQHandler                         0x00004201   Thumb Code    68  irq_button.o(.text)
    EINT1_IRQHandler                         0x00004245   Thumb Code    18  irq_button.o(.text)
    EINT2_IRQHandler                         0x00004259   Thumb Code    18  irq_button.o(.text)
    BUTTON_init                              0x0000426d   Thumb Code   124  lib_button.o(.text)
    ADC_IRQHandler                           0x000042e9   Thumb Code   108  irq_adc.o(.text)
    ADC_init                                 0x00004355   Thumb Code    84  lib_adc.o(.text)
    ADC_start_conversion                     0x000043a9   Thumb Code    18  lib_adc.o(.text)
    playNote                                 0x000043bd   Thumb Code    52  music.o(.text)
    isNotePlaying                            0x000043f1   Thumb Code    34  music.o(.text)
    _printf_pre_padding                      0x00004413   Thumb Code    44  _printf_pad.o(.text)
    _printf_post_padding                     0x0000443f   Thumb Code    34  _printf_pad.o(.text)
    _printf_int_dec                          0x00004461   Thumb Code   104  _printf_dec.o(.text)
    __printf                                 0x000044d9   Thumb Code   308  __printf_flags_wp.o(.text)
    srand                                    0x00004611   Thumb Code    42  rand.o(.text)
    _rand_init                               0x0000463b   Thumb Code     4  rand.o(.text)
    __aeabi_memclr4                          0x0000464d   Thumb Code     0  rt_memclr_w.o(.text)
    __aeabi_memclr8                          0x0000464d   Thumb Code     0  rt_memclr_w.o(.text)
    __rt_memclr_w                            0x0000464d   Thumb Code     0  rt_memclr_w.o(.text)
    _memset_w                                0x00004651   Thumb Code    74  rt_memclr_w.o(.text)
    _printf_int_common                       0x0000469b   Thumb Code   178  _printf_intcommon.o(.text)
    _printf_char_common                      0x00004757   Thumb Code    32  _printf_char_common.o(.text)
    _sputc                                   0x0000477d   Thumb Code    10  _sputc.o(.text)
    __user_setup_stackheap                   0x00004787   Thumb Code    74  sys_stackheap_outer.o(.text)
    exit                                     0x000047d1   Thumb Code    18  exit.o(.text)
    __user_libspace                          0x000047e5   Thumb Code     8  libspace.o(.text)
    __user_perproc_libspace                  0x000047e5   Thumb Code     0  libspace.o(.text)
    __user_perthread_libspace                0x000047e5   Thumb Code     0  libspace.o(.text)
    _sys_exit                                0x000047ed   Thumb Code     8  sys_exit.o(.text)
    _is_digit                                0x000047f9   Thumb Code    14  __printf_wp.o(i._is_digit)
    __aeabi_dadd                             0x00004809   Thumb Code     0  daddsub_clz.o(x$fpl$dadd)
    _dadd                                    0x00004809   Thumb Code   332  daddsub_clz.o(x$fpl$dadd)
    __fpl_dcmp_Inf                           0x00004959   Thumb Code    24  dcmpi.o(x$fpl$dcmpinf)
    __aeabi_ddiv                             0x00004971   Thumb Code     0  ddiv.o(x$fpl$ddiv)
    _ddiv                                    0x00004971   Thumb Code   560  ddiv.o(x$fpl$ddiv)
    __aeabi_cdcmpeq                          0x00004c29   Thumb Code     0  deqf.o(x$fpl$deqf)
    _dcmpeq                                  0x00004c29   Thumb Code   120  deqf.o(x$fpl$deqf)
    __aeabi_d2iz                             0x00004ca1   Thumb Code     0  dfix.o(x$fpl$dfix)
    _dfix                                    0x00004ca1   Thumb Code    94  dfix.o(x$fpl$dfix)
    __aeabi_d2uiz                            0x00004d01   Thumb Code     0  dfixu.o(x$fpl$dfixu)
    _dfixu                                   0x00004d01   Thumb Code    90  dfixu.o(x$fpl$dfixu)
    __aeabi_i2d                              0x00004d5b   Thumb Code     0  dflt_clz.o(x$fpl$dflt)
    _dflt                                    0x00004d5b   Thumb Code    46  dflt_clz.o(x$fpl$dflt)
    __aeabi_ui2d                             0x00004d89   Thumb Code     0  dflt_clz.o(x$fpl$dfltu)
    _dfltu                                   0x00004d89   Thumb Code    38  dflt_clz.o(x$fpl$dfltu)
    __aeabi_cdcmpge                          0x00004db1   Thumb Code     0  dgeqf.o(x$fpl$dgeqf)
    _dcmpge                                  0x00004db1   Thumb Code   120  dgeqf.o(x$fpl$dgeqf)
    __aeabi_cdcmple                          0x00004e29   Thumb Code     0  dleqf.o(x$fpl$dleqf)
    _dcmple                                  0x00004e29   Thumb Code   120  dleqf.o(x$fpl$dleqf)
    __fpl_dcmple_InfNaN                      0x00004e8b   Thumb Code     0  dleqf.o(x$fpl$dleqf)
    __aeabi_dmul                             0x00004ea1   Thumb Code     0  dmul.o(x$fpl$dmul)
    _dmul                                    0x00004ea1   Thumb Code   332  dmul.o(x$fpl$dmul)
    __fpl_dnaninf                            0x00004ff5   Thumb Code   156  dnaninf.o(x$fpl$dnaninf)
    __fpl_dretinf                            0x00005091   Thumb Code    12  dretinf.o(x$fpl$dretinf)
    __aeabi_dsub                             0x0000509d   Thumb Code     0  daddsub_clz.o(x$fpl$dsub)
    _dsub                                    0x0000509d   Thumb Code   472  daddsub_clz.o(x$fpl$dsub)
    __aeabi_dcmpeq                           0x00005279   Thumb Code     0  dcmp.o(x$fpl$fcmp)
    _deq                                     0x00005279   Thumb Code    14  dcmp.o(x$fpl$fcmp)
    _dneq                                    0x00005287   Thumb Code    14  dcmp.o(x$fpl$fcmp)
    __aeabi_dcmpgt                           0x00005295   Thumb Code     0  dcmp.o(x$fpl$fcmp)
    _dgr                                     0x00005295   Thumb Code    14  dcmp.o(x$fpl$fcmp)
    __aeabi_dcmpge                           0x000052a3   Thumb Code     0  dcmp.o(x$fpl$fcmp)
    _dgeq                                    0x000052a3   Thumb Code    14  dcmp.o(x$fpl$fcmp)
    __aeabi_dcmple                           0x000052b1   Thumb Code     0  dcmp.o(x$fpl$fcmp)
    _dleq                                    0x000052b1   Thumb Code    14  dcmp.o(x$fpl$fcmp)
    __aeabi_dcmplt                           0x000052bf   Thumb Code     0  dcmp.o(x$fpl$fcmp)
    _dls                                     0x000052bf   Thumb Code    14  dcmp.o(x$fpl$fcmp)
    freqs                                    0x000058d0   Data          32  irq_adc.o(.rodata.freqs)
    Region$$Table$$Base                      0x00005910   Number         0  anon$$obj.o(Region$$Table)
    Region$$Table$$Limit                     0x00005940   Number         0  anon$$obj.o(Region$$Table)
    mat                                      0x10000000   Data        3472  sample.o(.data.mat)
    AD_last                                  0x2007c000   Data           2  irq_adc.o(.data.AD_last)
    DisplaySample                            0x2007c002   Data          12  touchpanel.o(.data.DisplaySample)
    SinTable                                 0x2007c00e   Data          90  irq_timer.o(.data.SinTable)
    SystemFrequency                          0x2007c068   Data           4  system_lpc17xx.o(.data.SystemFrequency)
    countdown                                0x2007c06c   Data           4  irq_timer.o(.data.countdown)
    lives                                    0x2007c070   Data           4  sample.o(.data.lives)
    livesPoint                               0x2007c074   Data           4  sample.o(.data.livesPoint)
    pause                                    0x2007c07c   Data           4  sample.o(.data.pause)
    scoreToWin                               0x2007c080   Data           4  irq_timer.o(.data.scoreToWin)
    song                                     0x2007c084   Data         384  irq_rit.o(.data.song)
    _random_number_data                      0x2007c208   Data         228  rand.o(.bss)
    __libspace_start                         0x2007c2ec   Data          96  libspace.o(.bss)
    AD_current                               0x2007c34c   Data           2  irq_adc.o(.bss.AD_current)
    __temporary_stack_top$libspace           0x2007c34c   Data           0  libspace.o(.bss)
    ScaleFlag                                0x2007c35c   Data           1  system_lpc17xx.o(.bss.ScaleFlag)
    ScreenSample                             0x2007c35e   Data          12  touchpanel.o(.bss.ScreenSample)
    blinkyPOS                                0x2007c384   Data           8  sample.o(.bss.blinkyPOS)
    conta                                    0x2007c38c   Data           4  sample.o(.bss.conta)
    frightened                               0x2007c390   Data           4  irq_timer.o(.bss.frightened)
    go                                       0x2007c394   Data           4  irq_rit.o(.bss.go)
    matrix                                   0x2007c398   Data          56  touchpanel.o(.bss.matrix)
    pacmanPOS                                0x2007c3d4   Data           8  sample.o(.bss.pacmanPOS)
    powerN                                   0x2007c3dc   Data          24  sample.o(.bss.powerN)
    press                                    0x2007c3f4   Data           4  irq_rit.o(.bss.press)
    respawnTime                              0x2007c3f8   Data           4  irq_timer.o(.bss.respawnTime)
    score                                    0x2007c3fc   Data           4  irq_timer.o(.bss.score)
    stopBlinky                               0x2007c400   Data           4  irq_timer.o(.bss.stopBlinky)
    stopFrightened                           0x2007c404   Data           4  irq_timer.o(.bss.stopFrightened)
    vitaExtra                                0x2007c408   Data           4  irq_timer.o(.bss.vitaExtra)



==============================================================================

Memory Map of the image

  Image Entry point : 0x000000cd

  Load Region LR_IROM1 (Base: 0x00000000, Size: 0x000068d8, Max: 0x00080000, ABSOLUTE, COMPRESSED[0x00005aec])

    Execution Region ER_IROM1 (Exec base: 0x00000000, Load base: 0x00000000, Size: 0x00005940, Max: 0x00080000, ABSOLUTE)

    Exec Addr    Load Addr    Size         Type   Attr      Idx    E Section Name        Object

    0x00000000   0x00000000   0x000000cc   Data   RO            3    RESET               startup_lpc17xx.o
    0x000000cc   0x000000cc   0x00000008   Code   RO          235  * !!!main             c_w.l(__main.o)
    0x000000d4   0x000000d4   0x0000005c   Code   RO          454    !!!scatter          c_w.l(__scatter.o)
    0x00000130   0x00000130   0x0000005a   Code   RO          452    !!dczerorl2         c_w.l(__dczerorl2.o)
    0x0000018a   0x0000018a   0x00000002   PAD
    0x0000018c   0x0000018c   0x00000002   Code   RO          455    !!handler_null      c_w.l(__scatter.o)
    0x0000018e   0x0000018e   0x00000002   PAD
    0x00000190   0x00000190   0x0000001c   Code   RO          458    !!handler_zi        c_w.l(__scatter_zi.o)
    0x000001ac   0x000001ac   0x00000000   Code   RO          223    .ARM.Collect$$_printf_percent$$00000000  c_w.l(_printf_percent.o)
    0x000001ac   0x000001ac   0x00000006   Code   RO          222    .ARM.Collect$$_printf_percent$$00000009  c_w.l(_printf_d.o)
    0x000001b2   0x000001b2   0x00000004   Code   RO          272    .ARM.Collect$$_printf_percent$$00000017  c_w.l(_printf_percent_end.o)
    0x000001b6   0x000001b6   0x00000002   Code   RO          369    .ARM.Collect$$libinit$$00000000  c_w.l(libinit.o)
    0x000001b8   0x000001b8   0x00000000   Code   RO          276    .ARM.Collect$$libinit$$00000002  c_w.l(libinit2.o)
    0x000001b8   0x000001b8   0x00000000   Code   RO          278    .ARM.Collect$$libinit$$00000004  c_w.l(libinit2.o)
    0x000001b8   0x000001b8   0x00000000   Code   RO          280    .ARM.Collect$$libinit$$00000006  c_w.l(libinit2.o)
    0x000001b8   0x000001b8   0x00000000   Code   RO          283    .ARM.Collect$$libinit$$0000000C  c_w.l(libinit2.o)
    0x000001b8   0x000001b8   0x00000000   Code   RO          285    .ARM.Collect$$libinit$$0000000E  c_w.l(libinit2.o)
    0x000001b8   0x000001b8   0x00000004   Code   RO          286    .ARM.Collect$$libinit$$0000000F  c_w.l(libinit2.o)
    0x000001bc   0x000001bc   0x00000000   Code   RO          287    .ARM.Collect$$libinit$$00000010  c_w.l(libinit2.o)
    0x000001bc   0x000001bc   0x00000000   Code   RO          290    .ARM.Collect$$libinit$$00000013  c_w.l(libinit2.o)
    0x000001bc   0x000001bc   0x00000000   Code   RO          292    .ARM.Collect$$libinit$$00000015  c_w.l(libinit2.o)
    0x000001bc   0x000001bc   0x00000000   Code   RO          294    .ARM.Collect$$libinit$$00000017  c_w.l(libinit2.o)
    0x000001bc   0x000001bc   0x00000000   Code   RO          296    .ARM.Collect$$libinit$$00000019  c_w.l(libinit2.o)
    0x000001bc   0x000001bc   0x00000000   Code   RO          298    .ARM.Collect$$libinit$$0000001B  c_w.l(libinit2.o)
    0x000001bc   0x000001bc   0x00000000   Code   RO          300    .ARM.Collect$$libinit$$0000001D  c_w.l(libinit2.o)
    0x000001bc   0x000001bc   0x00000000   Code   RO          302    .ARM.Collect$$libinit$$0000001F  c_w.l(libinit2.o)
    0x000001bc   0x000001bc   0x00000000   Code   RO          304    .ARM.Collect$$libinit$$00000021  c_w.l(libinit2.o)
    0x000001bc   0x000001bc   0x00000000   Code   RO          306    .ARM.Collect$$libinit$$00000023  c_w.l(libinit2.o)
    0x000001bc   0x000001bc   0x00000000   Code   RO          308    .ARM.Collect$$libinit$$00000025  c_w.l(libinit2.o)
    0x000001bc   0x000001bc   0x00000000   Code   RO          310    .ARM.Collect$$libinit$$00000027  c_w.l(libinit2.o)
    0x000001bc   0x000001bc   0x00000000   Code   RO          314    .ARM.Collect$$libinit$$0000002E  c_w.l(libinit2.o)
    0x000001bc   0x000001bc   0x00000000   Code   RO          316    .ARM.Collect$$libinit$$00000030  c_w.l(libinit2.o)
    0x000001bc   0x000001bc   0x00000000   Code   RO          318    .ARM.Collect$$libinit$$00000032  c_w.l(libinit2.o)
    0x000001bc   0x000001bc   0x00000000   Code   RO          320    .ARM.Collect$$libinit$$00000034  c_w.l(libinit2.o)
    0x000001bc   0x000001bc   0x00000002   Code   RO          321    .ARM.Collect$$libinit$$00000035  c_w.l(libinit2.o)
    0x000001be   0x000001be   0x00000002   Code   RO          411    .ARM.Collect$$libshutdown$$00000000  c_w.l(libshutdown.o)
    0x000001c0   0x000001c0   0x00000000   Code   RO          419    .ARM.Collect$$libshutdown$$00000002  c_w.l(libshutdown2.o)
    0x000001c0   0x000001c0   0x00000000   Code   RO          421    .ARM.Collect$$libshutdown$$00000004  c_w.l(libshutdown2.o)
    0x000001c0   0x000001c0   0x00000000   Code   RO          424    .ARM.Collect$$libshutdown$$00000007  c_w.l(libshutdown2.o)
    0x000001c0   0x000001c0   0x00000000   Code   RO          427    .ARM.Collect$$libshutdown$$0000000A  c_w.l(libshutdown2.o)
    0x000001c0   0x000001c0   0x00000000   Code   RO          429    .ARM.Collect$$libshutdown$$0000000C  c_w.l(libshutdown2.o)
    0x000001c0   0x000001c0   0x00000000   Code   RO          432    .ARM.Collect$$libshutdown$$0000000F  c_w.l(libshutdown2.o)
    0x000001c0   0x000001c0   0x00000002   Code   RO          433    .ARM.Collect$$libshutdown$$00000010  c_w.l(libshutdown2.o)
    0x000001c2   0x000001c2   0x00000000   Code   RO          265    .ARM.Collect$$rtentry$$00000000  c_w.l(__rtentry.o)
    0x000001c2   0x000001c2   0x00000000   Code   RO          334    .ARM.Collect$$rtentry$$00000002  c_w.l(__rtentry2.o)
    0x000001c2   0x000001c2   0x00000006   Code   RO          346    .ARM.Collect$$rtentry$$00000004  c_w.l(__rtentry4.o)
    0x000001c8   0x000001c8   0x00000000   Code   RO          336    .ARM.Collect$$rtentry$$00000009  c_w.l(__rtentry2.o)
    0x000001c8   0x000001c8   0x00000004   Code   RO          337    .ARM.Collect$$rtentry$$0000000A  c_w.l(__rtentry2.o)
    0x000001cc   0x000001cc   0x00000000   Code   RO          339    .ARM.Collect$$rtentry$$0000000C  c_w.l(__rtentry2.o)
    0x000001cc   0x000001cc   0x00000008   Code   RO          340    .ARM.Collect$$rtentry$$0000000D  c_w.l(__rtentry2.o)
    0x000001d4   0x000001d4   0x00000002   Code   RO          377    .ARM.Collect$$rtexit$$00000000  c_w.l(rtexit.o)
    0x000001d6   0x000001d6   0x00000000   Code   RO          389    .ARM.Collect$$rtexit$$00000002  c_w.l(rtexit2.o)
    0x000001d6   0x000001d6   0x00000004   Code   RO          390    .ARM.Collect$$rtexit$$00000003  c_w.l(rtexit2.o)
    0x000001da   0x000001da   0x00000006   Code   RO          391    .ARM.Collect$$rtexit$$00000004  c_w.l(rtexit2.o)
    0x000001e0   0x000001e0   0x00000034   Code   RO          224    .emb_text           c_w.l(rand.o)
    0x00000214   0x00000214   0x00000034   Code   RO            5    .text               startup_lpc17xx.o
    0x00000248   0x00000248   0x0000002a   Code   RO           77    .text               asciilib.o
    0x00000272   0x00000272   0x00000002   PAD
    0x00000274   0x00000274   0x00000052   Code   RO          124    .text               lib_joystick.o
    0x000002c6   0x000002c6   0x00000002   PAD
    0x000002c8   0x000002c8   0x00000028   Code   RO          194    .text               c_w.l(noretval__2sprintf.o)
    0x000002f0   0x000002f0   0x00000006   Code   RO          233    .text               c_w.l(heapauxi.o)
    0x000002f6   0x000002f6   0x00000002   Code   RO          385    .text               c_w.l(use_no_semi.o)
    0x000002f8   0x000002f8   0x00000000   Code   RO          387    .text               c_w.l(indicate_semi.o)
    0x000002f8   0x000002f8   0x00000000   Code   RO          332    x$fpl$usenofp       fz_ws.l(usenofp.o)
    0x000002f8   0x000002f8   0x00000004   PAD
    0x000002fc   0x000002fc   0x00000004   Code   RO            4    .ARM.__at_0x02FC    startup_lpc17xx.o
    0x00000300   0x00000300   0x00000548   Code   RO           13    .text               sample.o
    0x00000848   0x00000848   0x00000150   Code   RO           33    .text               system_lpc17xx.o
    0x00000998   0x00000998   0x00001062   Code   RO           43    .text               irq_timer.o
    0x000019fa   0x000019fa   0x00000002   PAD
    0x000019fc   0x000019fc   0x0000015c   Code   RO           69    .text               lib_timer.o
    0x00001b58   0x00001b58   0x000017ba   Code   RO           86    .text               glcd.o
    0x00003312   0x00003312   0x00000002   PAD
    0x00003314   0x00003314   0x00000d26   Code   RO          104    .text               touchpanel.o
    0x0000403a   0x0000403a   0x00000002   PAD
    0x0000403c   0x0000403c   0x00000144   Code   RO          131    .text               irq_rit.o
    0x00004180   0x00004180   0x0000007e   Code   RO          143    .text               lib_rit.o
    0x000041fe   0x000041fe   0x00000002   PAD
    0x00004200   0x00004200   0x0000006a   Code   RO          151    .text               irq_button.o
    0x0000426a   0x0000426a   0x00000002   PAD
    0x0000426c   0x0000426c   0x0000007c   Code   RO          158    .text               lib_button.o
    0x000042e8   0x000042e8   0x0000006c   Code   RO          165    .text               irq_adc.o
    0x00004354   0x00004354   0x00000066   Code   RO          175    .text               lib_adc.o
    0x000043ba   0x000043ba   0x00000002   PAD
    0x000043bc   0x000043bc   0x00000056   Code   RO          182    .text               music.o
    0x00004412   0x00004412   0x0000004e   Code   RO          198    .text               c_w.l(_printf_pad.o)
    0x00004460   0x00004460   0x00000078   Code   RO          200    .text               c_w.l(_printf_dec.o)
    0x000044d8   0x000044d8   0x00000138   Code   RO          214    .text               c_w.l(__printf_flags_wp.o)
    0x00004610   0x00004610   0x0000003c   Code   RO          225    .text               c_w.l(rand.o)
    0x0000464c   0x0000464c   0x0000004e   Code   RO          231    .text               c_w.l(rt_memclr_w.o)
    0x0000469a   0x0000469a   0x000000b2   Code   RO          266    .text               c_w.l(_printf_intcommon.o)
    0x0000474c   0x0000474c   0x00000030   Code   RO          268    .text               c_w.l(_printf_char_common.o)
    0x0000477c   0x0000477c   0x0000000a   Code   RO          270    .text               c_w.l(_sputc.o)
    0x00004786   0x00004786   0x0000004a   Code   RO          356    .text               c_w.l(sys_stackheap_outer.o)
    0x000047d0   0x000047d0   0x00000012   Code   RO          358    .text               c_w.l(exit.o)
    0x000047e2   0x000047e2   0x00000002   PAD
    0x000047e4   0x000047e4   0x00000008   Code   RO          374    .text               c_w.l(libspace.o)
    0x000047ec   0x000047ec   0x0000000c   Code   RO          401    .text               c_w.l(sys_exit.o)
    0x000047f8   0x000047f8   0x0000000e   Code   RO          212    i._is_digit         c_w.l(__printf_wp.o)
    0x00004806   0x00004806   0x00000002   PAD
    0x00004808   0x00004808   0x00000150   Code   RO          237    x$fpl$dadd          fz_ws.l(daddsub_clz.o)
    0x00004958   0x00004958   0x00000018   Code   RO          352    x$fpl$dcmpinf       fz_ws.l(dcmpi.o)
    0x00004970   0x00004970   0x000002b8   Code   RO          246    x$fpl$ddiv          fz_ws.l(ddiv.o)
    0x00004c28   0x00004c28   0x00000078   Code   RO          322    x$fpl$deqf          fz_ws.l(deqf.o)
    0x00004ca0   0x00004ca0   0x0000005e   Code   RO          249    x$fpl$dfix          fz_ws.l(dfix.o)
    0x00004cfe   0x00004cfe   0x00000002   PAD
    0x00004d00   0x00004d00   0x0000005a   Code   RO          253    x$fpl$dfixu         fz_ws.l(dfixu.o)
    0x00004d5a   0x00004d5a   0x0000002e   Code   RO          258    x$fpl$dflt          fz_ws.l(dflt_clz.o)
    0x00004d88   0x00004d88   0x00000026   Code   RO          257    x$fpl$dfltu         fz_ws.l(dflt_clz.o)
    0x00004dae   0x00004dae   0x00000002   PAD
    0x00004db0   0x00004db0   0x00000078   Code   RO          324    x$fpl$dgeqf         fz_ws.l(dgeqf.o)
    0x00004e28   0x00004e28   0x00000078   Code   RO          326    x$fpl$dleqf         fz_ws.l(dleqf.o)
    0x00004ea0   0x00004ea0   0x00000154   Code   RO          263    x$fpl$dmul          fz_ws.l(dmul.o)
    0x00004ff4   0x00004ff4   0x0000009c   Code   RO          328    x$fpl$dnaninf       fz_ws.l(dnaninf.o)
    0x00005090   0x00005090   0x0000000c   Code   RO          330    x$fpl$dretinf       fz_ws.l(dretinf.o)
    0x0000509c   0x0000509c   0x000001dc   Code   RO          239    x$fpl$dsub          fz_ws.l(daddsub_clz.o)
    0x00005278   0x00005278   0x00000054   Code   RO          243    x$fpl$fcmp          fz_ws.l(dcmp.o)
    0x000052cc   0x000052cc   0x00000011   Data   RO          215    .constdata          c_w.l(__printf_flags_wp.o)
    0x000052dd   0x000052dd   0x000005f0   Data   RO           79    .rodata.AsciiLib    asciilib.o
    0x000058cd   0x000058cd   0x00000003   PAD
    0x000058d0   0x000058d0   0x00000020   Data   RO          168    .rodata.freqs       irq_adc.o
    0x000058f0   0x000058f0   0x0000001d   Data   RO          108    .rodata.str1.1      touchpanel.o
    0x0000590d   0x0000590d   0x00000003   PAD
    0x00005910   0x00005910   0x00000030   Data   RO          451    Region$$Table       anon$$obj.o


    Execution Region RW_IRAM1 (Exec base: 0x10000000, Load base: 0x00005940, Size: 0x00000d90, Max: 0x00008000, ABSOLUTE, COMPRESSED[0x000000f4])

    Exec Addr    Load Addr    Size         Type   Attr      Idx    E Section Name        Object

    0x10000000   COMPRESSED   0x00000d90   Data   RW           15    .data.mat           sample.o


    Execution Region RW_IRAM2 (Exec base: 0x2007c000, Load base: 0x00005a34, Size: 0x00000810, Max: 0x00008000, ABSOLUTE, COMPRESSED[0x000000b8])

    Exec Addr    Load Addr    Size         Type   Attr      Idx    E Section Name        Object

    0x2007c000   COMPRESSED   0x00000002   Data   RW          167    .data.AD_last       irq_adc.o
    0x2007c002   COMPRESSED   0x0000000c   Data   RW          106    .data.DisplaySample  touchpanel.o
    0x2007c00e   COMPRESSED   0x0000005a   Data   RW           45    .data.SinTable      irq_timer.o
    0x2007c068   COMPRESSED   0x00000004   Data   RW           35    .data.SystemFrequency  system_lpc17xx.o
    0x2007c06c   COMPRESSED   0x00000004   Data   RW           53    .data.countdown     irq_timer.o
    0x2007c070   COMPRESSED   0x00000004   Data   RW           17    .data.lives         sample.o
    0x2007c074   COMPRESSED   0x00000004   Data   RW           18    .data.livesPoint    sample.o
    0x2007c078   COMPRESSED   0x00000004   Data   RW           54    .data.moveBlinky.val  irq_timer.o
    0x2007c07c   COMPRESSED   0x00000004   Data   RW           19    .data.pause         sample.o
    0x2007c080   COMPRESSED   0x00000004   Data   RW           51    .data.scoreToWin    irq_timer.o
    0x2007c084   COMPRESSED   0x00000180   Data   RW          133    .data.song          irq_rit.o
    0x2007c204   COMPRESSED   0x00000004   PAD
    0x2007c208        -       0x000000e4   Zero   RW          226    .bss                c_w.l(rand.o)
    0x2007c2ec        -       0x00000060   Zero   RW          375    .bss                c_w.l(libspace.o)
    0x2007c34c        -       0x00000002   Zero   RW          169    .bss.AD_current     irq_adc.o
    0x2007c34e   COMPRESSED   0x00000002   PAD
    0x2007c350        -       0x00000004   Zero   RW          136    .bss.RIT_IRQHandler.currentNote  irq_rit.o
    0x2007c354        -       0x00000004   Zero   RW          137    .bss.RIT_IRQHandler.ticks  irq_rit.o
    0x2007c358        -       0x00000004   Zero   RW          107    .bss.Read_Ads7846.screen  touchpanel.o
    0x2007c35c        -       0x00000001   Zero   RW           36    .bss.ScaleFlag      system_lpc17xx.o
    0x2007c35d   COMPRESSED   0x00000001   PAD
    0x2007c35e        -       0x0000000c   Zero   RW          109    .bss.ScreenSample   touchpanel.o
    0x2007c36a   COMPRESSED   0x00000002   PAD
    0x2007c36c        -       0x00000004   Zero   RW           56    .bss.TIMER0_IRQHandler.respawnBlinky  irq_timer.o
    0x2007c370        -       0x00000001   Zero   RW           59    .bss.TIMER1_IRQHandler.c  irq_timer.o
    0x2007c371   COMPRESSED   0x00000003   PAD
    0x2007c374        -       0x00000004   Zero   RW           60    .bss.TIMER1_IRQHandler.direction  irq_timer.o
    0x2007c378        -       0x00000004   Zero   RW           57    .bss.TIMER1_IRQHandler.tm0  irq_timer.o
    0x2007c37c        -       0x00000004   Zero   RW           58    .bss.TIMER1_IRQHandler.tm1  irq_timer.o
    0x2007c380        -       0x00000004   Zero   RW           61    .bss.TIMER2_IRQHandler.sineticks  irq_timer.o
    0x2007c384        -       0x00000008   Zero   RW           22    .bss.blinkyPOS      sample.o
    0x2007c38c        -       0x00000004   Zero   RW           16    .bss.conta          sample.o
    0x2007c390        -       0x00000004   Zero   RW           48    .bss.frightened     irq_timer.o
    0x2007c394        -       0x00000004   Zero   RW          135    .bss.go             irq_rit.o
    0x2007c398        -       0x00000038   Zero   RW          110    .bss.matrix         touchpanel.o
    0x2007c3d0        -       0x00000004   Zero   RW           55    .bss.moveBlinky.c   irq_timer.o
    0x2007c3d4        -       0x00000008   Zero   RW           21    .bss.pacmanPOS      sample.o
    0x2007c3dc        -       0x00000018   Zero   RW           20    .bss.powerN         sample.o
    0x2007c3f4        -       0x00000004   Zero   RW          134    .bss.press          irq_rit.o
    0x2007c3f8        -       0x00000004   Zero   RW           52    .bss.respawnTime    irq_timer.o
    0x2007c3fc        -       0x00000004   Zero   RW           46    .bss.score          irq_timer.o
    0x2007c400        -       0x00000004   Zero   RW           50    .bss.stopBlinky     irq_timer.o
    0x2007c404        -       0x00000004   Zero   RW           49    .bss.stopFrightened  irq_timer.o
    0x2007c408        -       0x00000004   Zero   RW           47    .bss.vitaExtra      irq_timer.o
    0x2007c40c   COMPRESSED   0x00000004   PAD
    0x2007c410        -       0x00000000   Zero   RW            2    HEAP                startup_lpc17xx.o
    0x2007c410        -       0x00000400   Zero   RW            1    STACK               startup_lpc17xx.o


==============================================================================

Image component sizes


      Code (inc. data)   RO Data    RW Data    ZI Data      Debug   Object Name

        42          0       1520          0          0        649   asciilib.o
      6074          8          0          0          0      18868   glcd.o
       108          0         32          2          2       1232   irq_adc.o
       106          0          0          0          0       3902   irq_button.o
       324          8          0        384         16       5125   irq_rit.o
      4194         72          0        102         49       7858   irq_timer.o
       102          0          0          0          0       4689   lib_adc.o
       124          0          0          0          0       5541   lib_button.o
        82          0          0          0          0       2492   lib_joystick.o
       126          0          0          0          0       4102   lib_rit.o
       348          0          0          0          0       4230   lib_timer.o
        86          0          0          0          0       2042   music.o
      1352         14          0       3484         44       6259   sample.o
        56         22        204          0       1024        972   startup_lpc17xx.o
       336         20          0          4          1       2105   system_lpc17xx.o
      3366          0         29         12         72       8551   touchpanel.o

    ----------------------------------------------------------------------
     16842        144       1839       3988       1224      78617   Object Totals
         0          0         48          0          0          0   (incl. Generated)
        16          0          6          0         16          0   (incl. Padding)

    ----------------------------------------------------------------------

      Code (inc. data)   RO Data    RW Data    ZI Data      Debug   Library Member Name

        90          0          0          0          0          0   __dczerorl2.o
         8          0          0          0          0         68   __main.o
       312          4         17          0          0         92   __printf_flags_wp.o
        14          0          0          0          0         68   __printf_wp.o
         0          0          0          0          0          0   __rtentry.o
        12          0          0          0          0          0   __rtentry2.o
         6          0          0          0          0          0   __rtentry4.o
        94          8          0          0          0          0   __scatter.o
        28          0          0          0          0          0   __scatter_zi.o
        48          6          0          0          0         96   _printf_char_common.o
         6          0          0          0          0          0   _printf_d.o
       120         16          0          0          0         92   _printf_dec.o
       178          0          0          0          0         88   _printf_intcommon.o
        78          0          0          0          0        108   _printf_pad.o
         0          0          0          0          0          0   _printf_percent.o
         4          0          0          0          0          0   _printf_percent_end.o
        10          0          0          0          0         68   _sputc.o
        18          0          0          0          0         80   exit.o
         6          0          0          0          0        152   heapauxi.o
         0          0          0          0          0          0   indicate_semi.o
         2          0          0          0          0          0   libinit.o
         6          0          0          0          0          0   libinit2.o
         2          0          0          0          0          0   libshutdown.o
         2          0          0          0          0          0   libshutdown2.o
         8          4          0          0         96         68   libspace.o
        40          6          0          0          0         84   noretval__2sprintf.o
       112         18          0          0        228        160   rand.o
        78          0          0          0          0         80   rt_memclr_w.o
         2          0          0          0          0          0   rtexit.o
        10          0          0          0          0          0   rtexit2.o
        12          4          0          0          0         68   sys_exit.o
        74          0          0          0          0         80   sys_stackheap_outer.o
         2          0          0          0          0         68   use_no_semi.o
       812         16          0          0          0        296   daddsub_clz.o
        84          0          0          0          0        196   dcmp.o
        24          0          0          0          0         68   dcmpi.o
       696        140          0          0          0        216   ddiv.o
       120          4          0          0          0         92   deqf.o
        94          4          0          0          0         92   dfix.o
        90          4          0          0          0         92   dfixu.o
        84          0          0          0          0        136   dflt_clz.o
       120          4          0          0          0         92   dgeqf.o
       120          4          0          0          0         92   dleqf.o
       340         12          0          0          0        104   dmul.o
       156          4          0          0          0         92   dnaninf.o
        12          0          0          0          0         68   dretinf.o
         0          0          0          0          0          0   usenofp.o

    ----------------------------------------------------------------------
      4150        258         17          0        324       3156   Library Totals
        16          0          0          0          0          0   (incl. Padding)

    ----------------------------------------------------------------------

      Code (inc. data)   RO Data    RW Data    ZI Data      Debug   Library Name

      1382         66         17          0        324       1520   c_w.l
      2752        192          0          0          0       1636   fz_ws.l

    ----------------------------------------------------------------------
      4150        258         17          0        324       3156   Library Totals

    ----------------------------------------------------------------------

==============================================================================


      Code (inc. data)   RO Data    RW Data    ZI Data      Debug   

     20992        402       1856       3988       1548      80101   Grand Totals
     20992        402       1856        428       1548      80101   ELF Image Totals (compressed)
     20992        402       1856        428          0          0   ROM Totals

==============================================================================

    Total RO  Size (Code + RO Data)                22848 (  22.31kB)
    Total RW  Size (RW Data + ZI Data)              5536 (   5.41kB)
    Total ROM Size (Code + RO Data + RW Data)      23276 (  22.73kB)

==============================================================================

